Component: ARM Compiler 5.06 update 7 (build 960) Tool: armlink [4d3601]

==============================================================================

Section Cross References

    startup_stm32f10x_md.o(STACK) refers (Special) to heapauxi.o(.text) for __use_two_region_memory
    startup_stm32f10x_md.o(HEAP) refers (Special) to heapauxi.o(.text) for __use_two_region_memory
    startup_stm32f10x_md.o(RESET) refers (Special) to heapauxi.o(.text) for __use_two_region_memory
    startup_stm32f10x_md.o(RESET) refers to startup_stm32f10x_md.o(STACK) for __initial_sp
    startup_stm32f10x_md.o(RESET) refers to startup_stm32f10x_md.o(.text) for Reset_Handler
    startup_stm32f10x_md.o(RESET) refers to stm32f10x_it.o(i.NMI_Handler) for NMI_Handler
    startup_stm32f10x_md.o(RESET) refers to stm32f10x_it.o(i.HardFault_Handler) for HardFault_Handler
    startup_stm32f10x_md.o(RESET) refers to stm32f10x_it.o(i.MemManage_Handler) for MemManage_Handler
    startup_stm32f10x_md.o(RESET) refers to stm32f10x_it.o(i.BusFault_Handler) for BusFault_Handler
    startup_stm32f10x_md.o(RESET) refers to stm32f10x_it.o(i.UsageFault_Handler) for UsageFault_Handler
    startup_stm32f10x_md.o(RESET) refers to stm32f10x_it.o(i.SVC_Handler) for SVC_Handler
    startup_stm32f10x_md.o(RESET) refers to stm32f10x_it.o(i.DebugMon_Handler) for DebugMon_Handler
    startup_stm32f10x_md.o(RESET) refers to stm32f10x_it.o(i.PendSV_Handler) for PendSV_Handler
    startup_stm32f10x_md.o(RESET) refers to stm32f10x_it.o(i.SysTick_Handler) for SysTick_Handler
    startup_stm32f10x_md.o(RESET) refers to time.o(i.TIM2_IRQHandler) for TIM2_IRQHandler
    startup_stm32f10x_md.o(RESET) refers to usart.o(i.USART1_IRQHandler) for USART1_IRQHandler
    startup_stm32f10x_md.o(.text) refers (Special) to heapauxi.o(.text) for __use_two_region_memory
    startup_stm32f10x_md.o(.text) refers to system_stm32f10x.o(i.SystemInit) for SystemInit
    startup_stm32f10x_md.o(.text) refers to __main.o(!!!main) for __main
    startup_stm32f10x_md.o(.text) refers to startup_stm32f10x_md.o(HEAP) for Heap_Mem
    startup_stm32f10x_md.o(.text) refers to startup_stm32f10x_md.o(STACK) for Stack_Mem
    main.o(i.main) refers to _printf_percent.o(.ARM.Collect$$_printf_percent$$00000000) for _printf_percent
    main.o(i.main) refers to _printf_f.o(.ARM.Collect$$_printf_percent$$00000003) for _printf_f
    main.o(i.main) refers to printf1.o(x$fpl$printf1) for _printf_fp_dec
    main.o(i.main) refers to delay.o(i.delay_init) for delay_init
    main.o(i.main) refers to usart.o(i.uart_init) for uart_init
    main.o(i.main) refers to oled.o(i.OLED_Init) for OLED_Init
    main.o(i.main) refers to oled.o(i.OLED_ShowString) for OLED_ShowString
    main.o(i.main) refers to oled.o(i.OLED_Refresh) for OLED_Refresh
    main.o(i.main) refers to iic.o(i.IIC_Init) for IIC_Init
    main.o(i.main) refers to mpu6050.o(i.MPU6050_initialize) for MPU6050_initialize
    main.o(i.main) refers to mpu6050.o(i.DMP_Init) for DMP_Init
    main.o(i.main) refers to time.o(i.TIM2_Getsample_Int) for TIM2_Getsample_Int
    main.o(i.main) refers to delay.o(i.delay_ms) for delay_ms
    main.o(i.main) refers to f2d.o(x$fpl$f2d) for __aeabi_f2d
    main.o(i.main) refers to noretval__2sprintf.o(.text) for __2sprintf
    main.o(i.main) refers to main.o(.data) for Pitch
    system_stm32f10x.o(i.SetSysClock) refers to system_stm32f10x.o(i.SetSysClockTo72) for SetSysClockTo72
    system_stm32f10x.o(i.SystemCoreClockUpdate) refers to system_stm32f10x.o(.data) for SystemCoreClock
    system_stm32f10x.o(i.SystemInit) refers to system_stm32f10x.o(i.SetSysClock) for SetSysClock
    stm32f10x_gpio.o(i.GPIO_AFIODeInit) refers to stm32f10x_rcc.o(i.RCC_APB2PeriphResetCmd) for RCC_APB2PeriphResetCmd
    stm32f10x_gpio.o(i.GPIO_DeInit) refers to stm32f10x_rcc.o(i.RCC_APB2PeriphResetCmd) for RCC_APB2PeriphResetCmd
    stm32f10x_i2c.o(i.I2C_DeInit) refers to stm32f10x_rcc.o(i.RCC_APB1PeriphResetCmd) for RCC_APB1PeriphResetCmd
    stm32f10x_i2c.o(i.I2C_Init) refers to stm32f10x_rcc.o(i.RCC_GetClocksFreq) for RCC_GetClocksFreq
    stm32f10x_pwr.o(i.PWR_DeInit) refers to stm32f10x_rcc.o(i.RCC_APB1PeriphResetCmd) for RCC_APB1PeriphResetCmd
    stm32f10x_rcc.o(i.RCC_GetClocksFreq) refers to stm32f10x_rcc.o(.data) for APBAHBPrescTable
    stm32f10x_rcc.o(i.RCC_WaitForHSEStartUp) refers to stm32f10x_rcc.o(i.RCC_GetFlagStatus) for RCC_GetFlagStatus
    stm32f10x_rtc.o(i.RTC_SetAlarm) refers to stm32f10x_rtc.o(i.RTC_EnterConfigMode) for RTC_EnterConfigMode
    stm32f10x_rtc.o(i.RTC_SetAlarm) refers to stm32f10x_rtc.o(i.RTC_ExitConfigMode) for RTC_ExitConfigMode
    stm32f10x_rtc.o(i.RTC_SetCounter) refers to stm32f10x_rtc.o(i.RTC_EnterConfigMode) for RTC_EnterConfigMode
    stm32f10x_rtc.o(i.RTC_SetCounter) refers to stm32f10x_rtc.o(i.RTC_ExitConfigMode) for RTC_ExitConfigMode
[...]
    x$fpl$dadd                               0x08005b50   Section      336  daddsub_clz.o(x$fpl$dadd)
    _dadd1                                   0x08005b61   Thumb Code     0  daddsub_clz.o(x$fpl$dadd)
    x$fpl$dcheck1                            0x08005ca0   Section       16  dcheck1.o(x$fpl$dcheck1)
    x$fpl$dcmpinf                            0x08005cb0   Section       24  dcmpi.o(x$fpl$dcmpinf)
    x$fpl$ddiv                               0x08005cc8   Section      688  ddiv.o(x$fpl$ddiv)
    ddiv_entry                               0x08005ccf   Thumb Code     0  ddiv.o(x$fpl$ddiv)
    x$fpl$deqf                               0x08005f78   Section      120  deqf.o(x$fpl$deqf)
    x$fpl$dmul                               0x08005ff0   Section      340  dmul.o(x$fpl$dmul)
    x$fpl$dnaninf                            0x08006144   Section      156  dnaninf.o(x$fpl$dnaninf)
    x$fpl$dretinf                            0x080061e0   Section       12  dretinf.o(x$fpl$dretinf)
    x$fpl$drsb                               0x080061ec   Section       22  daddsub_clz.o(x$fpl$drsb)
    x$fpl$dsqrt                              0x08006204   Section      460  dsqrt_noumaal.o(x$fpl$dsqrt)
    x$fpl$dsub                               0x080063d0   Section      468  daddsub_clz.o(x$fpl$dsub)
    _dsub1                                   0x080063e1   Thumb Code     0  daddsub_clz.o(x$fpl$dsub)
    x$fpl$f2d                                0x080065a4   Section       86  f2d.o(x$fpl$f2d)
    x$fpl$fadd                               0x080065fc   Section      196  faddsub_clz.o(x$fpl$fadd)
    _fadd1                                   0x0800660b   Thumb Code     0  faddsub_clz.o(x$fpl$fadd)
    x$fpl$fcmpinf                            0x080066c0   Section       24  fcmpi.o(x$fpl$fcmpinf)
    x$fpl$fdiv                               0x080066d8   Section      388  fdiv.o(x$fpl$fdiv)
    _fdiv1                                   0x080066d9   Thumb Code     0  fdiv.o(x$fpl$fdiv)
    x$fpl$feqf                               0x0800685c   Section      104  feqf.o(x$fpl$feqf)
    x$fpl$ffix                               0x080068c4   Section       54  ffix.o(x$fpl$ffix)
    x$fpl$ffixu                              0x080068fc   Section       62  ffixu.o(x$fpl$ffixu)
    x$fpl$fflt                               0x0800693c   Section       48  fflt_clz.o(x$fpl$fflt)
    x$fpl$ffltu                              0x0800696c   Section       38  fflt_clz.o(x$fpl$ffltu)
    x$fpl$fleqf                              0x08006994   Section      104  fleqf.o(x$fpl$fleqf)
    x$fpl$fmul                               0x080069fc   Section      258  fmul.o(x$fpl$fmul)
    x$fpl$fnaninf                            0x08006afe   Section      140  fnaninf.o(x$fpl$fnaninf)
    x$fpl$fretinf                            0x08006b8a   Section       10  fretinf.o(x$fpl$fretinf)
    x$fpl$frleqf                             0x08006b94   Section       98  frleqf.o(x$fpl$frleqf)
    x$fpl$fsub                               0x08006bf8   Section      234  faddsub_clz.o(x$fpl$fsub)
    _fsub1                                   0x08006c07   Thumb Code     0  faddsub_clz.o(x$fpl$fsub)
    x$fpl$printf1                            0x08006ce2   Section        4  printf1.o(x$fpl$printf1)
    x$fpl$retnan                             0x08006ce6   Section      100  retnan.o(x$fpl$retnan)
    x$fpl$scalbn                             0x08006d4a   Section       92  scalbn.o(x$fpl$scalbn)
    x$fpl$trapveneer                         0x08006da6   Section       48  trapv.o(x$fpl$trapveneer)
    x$fpl$usenofp                            0x08006dd6   Section        0  usenofp.o(x$fpl$usenofp)
    .constdata                               0x08006dd8   Section       80  inv_mpu.o(.constdata)
    .constdata                               0x08006e28   Section     3062  inv_mpu_dmp_motion_driver.o(.constdata)
    dmp_memory                               0x08006e28   Data        3062  inv_mpu_dmp_motion_driver.o(.constdata)
    .constdata                               0x08007a1e   Section     6624  oled.o(.constdata)
    .constdata                               0x08009400   Section       80  asin.o(.constdata)
    pS                                       0x08009400   Data          48  asin.o(.constdata)
    qS                                       0x08009430   Data          32  asin.o(.constdata)
    .constdata                               0x08009450   Section      152  atan.o(.constdata)
    atanhi                                   0x08009450   Data          32  atan.o(.constdata)
    atanlo                                   0x08009470   Data          32  atan.o(.constdata)
    aTodd                                    0x08009490   Data          40  atan.o(.constdata)
    aTeven                                   0x080094b8   Data          48  atan.o(.constdata)
    .constdata                               0x080094e8   Section        8  qnan.o(.constdata)
    .constdata                               0x080094f0   Section      148  bigflt0.o(.constdata)
    tenpwrs_x                                0x080094f0   Data          60  bigflt0.o(.constdata)
    tenpwrs_i                                0x0800952c   Data          64  bigflt0.o(.constdata)
    .conststring                             0x08009584   Section       78  inv_mpu.o(.conststring)
    locale$$data                             0x080095f4   Section       28  lc_numeric_c.o(locale$$data)
    __lcnum_c_name                           0x080095f8   Data           2  lc_numeric_c.o(locale$$data)
    __lcnum_c_start                          0x08009600   Data           0  lc_numeric_c.o(locale$$data)
    __lcnum_c_point                          0x0800960c   Data           0  lc_numeric_c.o(locale$$data)
    __lcnum_c_thousands                      0x0800960e   Data           0  lc_numeric_c.o(locale$$data)
    __lcnum_c_grouping                       0x0800960f   Data           0  lc_numeric_c.o(locale$$data)
    __lcnum_c_end                            0x08009610   Data           0  lc_numeric_c.o(locale$$data)
    .data                                    0x20000000   Section       12  main.o(.data)
    .data                                    0x2000000c   Section       20  system_stm32f10x.o(.data)
    .data                                    0x20000020   Section       20  stm32f10x_rcc.o(.data)
    APBAHBPrescTable                         0x20000020   Data          16  stm32f10x_rcc.o(.data)
    ADCPrescTable                            0x20000030   Data           4  stm32f10x_rcc.o(.data)
    .data                                    0x20000034   Section       48  mpu6050.o(.data)
    gyro_orientation                         0x20000054   Data           9  mpu6050.o(.data)
    .data                                    0x20000064   Section       44  inv_mpu.o(.data)
    st                                       0x20000064   Data          44  inv_mpu.o(.data)
    .data                                    0x20000090   Section        4  delay.o(.data)
    fac_us                                   0x20000090   Data           1  delay.o(.data)
    fac_ms                                   0x20000092   Data           2  delay.o(.data)
    .data                                    0x20000094   Section        6  usart.o(.data)
    .bss                                     0x2000009c   Section       16  inv_mpu_dmp_motion_driver.o(.bss)
    dmp                                      0x2000009c   Data          16  inv_mpu_dmp_motion_driver.o(.bss)
    .bss                                     0x200000ac   Section     1152  oled.o(.bss)
    .bss                                     0x2000052c   Section      200  usart.o(.bss)
    .bss                                     0x200005f4   Section       96  libspace.o(.bss)
    HEAP                                     0x20000658   Section      512  startup_stm32f10x_md.o(HEAP)
    Heap_Mem                                 0x20000658   Data         512  startup_stm32f10x_md.o(HEAP)
    STACK                                    0x20000858   Section     1024  startup_stm32f10x_md.o(STACK)
    Stack_Mem                                0x20000858   Data        1024  startup_stm32f10x_md.o(STACK)
    __initial_sp                             0x20000c58   Data           0  startup_stm32f10x_md.o(STACK)

    Global Symbols

    Symbol Name                              Value     Ov Type        Size  Object(Section)

    BuildAttributes$$THM_ISAv4$P$D$K$B$S$PE$A:L22UL41UL21$X:L11$S22US41US21$IEEE1$IW$USESV6$~STKCKD$USESV7$~SHL$OTIME$ROPI$IEEEX$EBA8$UX$STANDARDLIB$REQ8$PRES8$EABIv2 0x00000000   Number         0  anon$$obj.o ABSOLUTE
    __ARM_use_no_argv                        0x00000000   Number         0  main.o ABSOLUTE
    _printf_flags                            0x00000000   Number         0  printf_stubs.o ABSOLUTE
    _printf_return_value                     0x00000000   Number         0  printf_stubs.o ABSOLUTE
    _printf_sizespec                         0x00000000   Number         0  printf_stubs.o ABSOLUTE
    _printf_widthprec                        0x00000000   Number         0  printf_stubs.o ABSOLUTE
    __ARM_exceptions_init                     - Undefined Weak Reference
    __alloca_initialize                       - Undefined Weak Reference
    __arm_fini_                               - Undefined Weak Reference
    __arm_preinit_                            - Undefined Weak Reference
    __cpp_initialize__aeabi_                  - Undefined Weak Reference
    __cxa_finalize                            - Undefined Weak Reference
    __sigvec_lookup                           - Undefined Weak Reference
    _atexit_init                              - Undefined Weak Reference
    _call_atexit_fns                          - Undefined Weak Reference
    _clock_init                               - Undefined Weak Reference
    _fp_trap_init                             - Undefined Weak Reference
    _fp_trap_shutdown                         - Undefined Weak Reference
    _get_lc_collate                           - Undefined Weak Reference
    _get_lc_ctype                             - Undefined Weak Reference
    _get_lc_monetary                          - Undefined Weak Reference
    _get_lc_time                              - Undefined Weak Reference
    _getenv_init                              - Undefined Weak Reference
    _handle_redirection                       - Undefined Weak Reference
    _init_alloc                               - Undefined Weak Reference
    _init_user_alloc                          - Undefined Weak Reference
    _initio                                   - Undefined Weak Reference
    _mutex_acquire                            - Undefined Weak Reference
    _mutex_release                            - Undefined Weak Reference
    _printf_post_padding                      - Undefined Weak Reference
    _printf_pre_padding                       - Undefined Weak Reference
    _printf_truncate_signed                   - Undefined Weak Reference
    _printf_truncate_unsigned                 - Undefined Weak Reference
    _rand_init                                - Undefined Weak Reference
    _signal_finish                            - Undefined Weak Reference
    _signal_init                              - Undefined Weak Reference
    _terminate_alloc                          - Undefined Weak Reference
    _terminate_user_alloc                     - Undefined Weak Reference
    _terminateio                              - Undefined Weak Reference
    __Vectors_Size                           0x000000ec   Number         0  startup_stm32f10x_md.o ABSOLUTE
    __Vectors                                0x08000000   Data           4  startup_stm32f10x_md.o(RESET)
    __Vectors_End                            0x080000ec   Data           0  startup_stm32f10x_md.o(RESET)
    __main                                   0x080000ed   Thumb Code     8  __main.o(!!!main)
    __scatterload                            0x080000f5   Thumb Code     0  __scatter.o(!!!scatter)
    __scatterload_rt2                        0x080000f5   Thumb Code    44  __scatter.o(!!!scatter)
    __scatterload_rt2_thumb_only             0x080000f5   Thumb Code     0  __scatter.o(!!!scatter)
    __scatterload_null                       0x08000103   Thumb Code     0  __scatter.o(!!!scatter)
    __scatterload_copy                       0x08000129   Thumb Code    26  __scatter_copy.o(!!handler_copy)
    __scatterload_zeroinit                   0x08000145   Thumb Code    28  __scatter_zi.o(!!handler_zi)
    _printf_f                                0x08000161   Thumb Code     0  _printf_f.o(.ARM.Collect$$_printf_percent$$00000003)
    _printf_percent                          0x08000161   Thumb Code     0  _printf_percent.o(.ARM.Collect$$_printf_percent$$00000000)
    _printf_d                                0x08000167   Thumb Code     0  _printf_d.o(.ARM.Collect$$_printf_percent$$00000009)
    _printf_percent_end                      0x0800016d   Thumb Code     0  _printf_percent_end.o(.ARM.Collect$$_printf_percent$$00000017)
    __rt_lib_init                            0x08000171   Thumb Code     0  libinit.o(.ARM.Collect$$libinit$$00000000)
    __rt_lib_init_fp_1                       0x08000173   Thumb Code     0  libinit2.o(.ARM.Collect$$libinit$$00000002)
    __rt_lib_init_heap_1                     0x08000173   Thumb Code     0  libinit2.o(.ARM.Collect$$libinit$$0000000A)
    __rt_lib_init_lc_common                  0x08000173   Thumb Code     0  libinit2.o(.ARM.Collect$$libinit$$0000000F)
    __rt_lib_init_preinit_1                  0x08000173   Thumb Code     0  libinit2.o(.ARM.Collect$$libinit$$00000004)
    __rt_lib_init_rand_1                     0x08000173   Thumb Code     0  libinit2.o(.ARM.Collect$$libinit$$0000000E)
    __rt_lib_init_user_alloc_1               0x08000173   Thumb Code     0  libinit2.o(.ARM.Collect$$libinit$$0000000C)
    __rt_lib_init_lc_collate_1               0x08000179   Thumb Code     0  libinit2.o(.ARM.Collect$$libinit$$00000011)
    __rt_lib_init_lc_ctype_1                 0x08000179   Thumb Code     0  libinit2.o(.ARM.Collect$$libinit$$00000013)
    __rt_lib_init_lc_monetary_1              0x08000179   Thumb Code     0  libinit2.o(.ARM.Collect$$libinit$$00000015)
    __rt_lib_init_lc_numeric_2               0x08000179   Thumb Code     0  libinit2.o(.ARM.Collect$$libinit$$00000016)
    __rt_lib_init_alloca_1                   0x08000183   Thumb Code     0  libinit2.o(.ARM.Collect$$libinit$$0000002E)
    __rt_lib_init_argv_1                     0x08000183   Thumb Code     0  libinit2.o(.ARM.Collect$$libinit$$0000002C)
    __rt_lib_init_atexit_1                   0x08000183   Thumb Code     0  libinit2.o(.ARM.Collect$$libinit$$0000001B)
    __rt_lib_init_clock_1                    0x08000183   Thumb Code     0  libinit2.o(.ARM.Collect$$libinit$$00000021)
    __rt_lib_init_cpp_1                      0x08000183   Thumb Code     0  libinit2.o(.ARM.Collect$$libinit$$00000032)
    __rt_lib_init_exceptions_1               0x08000183   Thumb Code     0  libinit2.o(.ARM.Collect$$libinit$$00000030)
    __rt_lib_init_fp_trap_1                  0x08000183   Thumb Code     0  libinit2.o(.ARM.Collect$$libinit$$0000001F)
    __rt_lib_init_getenv_1                   0x08000183   Thumb Code     0  libinit2.o(.ARM.Collect$$libinit$$00000023)
    __rt_lib_init_lc_numeric_1               0x08000183   Thumb Code     0  libinit2.o(.ARM.Collect$$libinit$$00000017)
    __rt_lib_init_lc_time_1                  0x08000183   Thumb Code     0  libinit2.o(.ARM.Collect$$libinit$$00000019)
    __rt_lib_init_return                     0x08000183   Thumb Code     0  libinit2.o(.ARM.Collect$$libinit$$00000033)
    __rt_lib_init_signal_1                   0x08000183   Thumb Code     0  libinit2.o(.ARM.Collect$$libinit$$0000001D)
    __rt_lib_init_stdio_1                    0x08000183   Thumb Code     0  libinit2.o(.ARM.Collect$$libinit$$00000025)
    __rt_lib_shutdown                        0x08000185   Thumb Code     0  libshutdown.o(.ARM.Collect$$libshutdown$$00000000)
    __rt_lib_shutdown_cpp_1                  0x08000187   Thumb Code     0  libshutdown2.o(.ARM.Collect$$libshutdown$$00000004)
    __rt_lib_shutdown_fini_1                 0x08000187   Thumb Code     0  libshutdown2.o(.ARM.Collect$$libshutdown$$00000002)
    __rt_lib_shutdown_fp_trap_1              0x08000187   Thumb Code     0  libshutdown2.o(.ARM.Collect$$libshutdown$$00000009)
    __rt_lib_shutdown_heap_1                 0x08000187   Thumb Code     0  libshutdown2.o(.ARM.Collect$$libshutdown$$00000011)
    __rt_lib_shutdown_return                 0x08000187   Thumb Code     0  libshutdown2.o(.ARM.Collect$$libshutdown$$00000012)
    __rt_lib_shutdown_signal_1               0x08000187   Thumb Code     0  libshutdown2.o(.ARM.Collect$$libshutdown$$0000000C)
    __rt_lib_shutdown_stdio_1                0x08000187   Thumb Code     0  libshutdown2.o(.ARM.Collect$$libshutdown$$00000006)
    __rt_lib_shutdown_user_alloc_1           0x08000187   Thumb Code     0  libshutdown2.o(.ARM.Collect$$libshutdown$$0000000E)
    __rt_entry                               0x08000189   Thumb Code     0  __rtentry.o(.ARM.Collect$$rtentry$$00000000)
    __rt_entry_presh_1                       0x08000189   Thumb Code     0  __rtentry2.o(.ARM.Collect$$rtentry$$00000002)
    __rt_entry_sh                            0x08000189   Thumb Code     0  __rtentry4.o(.ARM.Collect$$rtentry$$00000004)
    __rt_entry_li                            0x0800018f   Thumb Code     0  __rtentry2.o(.ARM.Collect$$rtentry$$0000000A)
    __rt_entry_postsh_1                      0x0800018f   Thumb Code     0  __rtentry2.o(.ARM.Collect$$rtentry$$00000009)
    __rt_entry_main                          0x08000193   Thumb Code     0  __rtentry2.o(.ARM.Collect$$rtentry$$0000000D)
    __rt_entry_postli_1                      0x08000193   Thumb Code     0  __rtentry2.o(.ARM.Collect$$rtentry$$0000000C)
    __rt_exit                                0x0800019b   Thumb Code     0  rtexit.o(.ARM.Collect$$rtexit$$00000000)
    __rt_exit_ls                             0x0800019d   Thumb Code     0  rtexit2.o(.ARM.Collect$$rtexit$$00000003)
    __rt_exit_prels_1                        0x0800019d   Thumb Code     0  rtexit2.o(.ARM.Collect$$rtexit$$00000002)
    __rt_exit_exit                           0x080001a1   Thumb Code     0  rtexit2.o(.ARM.Collect$$rtexit$$00000004)
    Reset_Handler                            0x080001a9   Thumb Code     8  startup_stm32f10x_md.o(.text)
    ADC1_2_IRQHandler                        0x080001c3   Thumb Code     0  startup_stm32f10x_md.o(.text)
    CAN1_RX1_IRQHandler                      0x080001c3   Thumb Code     0  startup_stm32f10x_md.o(.text)
    CAN1_SCE_IRQHandler                      0x080001c3   Thumb Code     0  startup_stm32f10x_md.o(.text)
    DMA1_Channel1_IRQHandler                 0x080001c3   Thumb Code     0  startup_stm32f10x_md.o(.text)
    DMA1_Channel2_IRQHandler                 0x080001c3   Thumb Code     0  startup_stm32f10x_md.o(.text)
    DMA1_Channel3_IRQHandler                 0x080001c3   Thumb Code     0  startup_stm32f10x_md.o(.text)
    DMA1_Channel4_IRQHandler                 0x080001c3   Thumb Code     0  startup_stm32f10x_md.o(.text)
    DMA1_Channel5_IRQHandler                 0x080001c3   Thumb Code     0  startup_stm32f10x_md.o(.text)
    DMA1_Channel6_IRQHandler                 0x080001c3   Thumb Code     0  startup_stm32f10x_md.o(.text)
    DMA1_Channel7_IRQHandler                 0x080001c3   Thumb Code     0  startup_stm32f10x_md.o(.text)
    EXTI0_IRQHandler                         0x080001c3   Thumb Code     0  startup_stm32f10x_md.o(.text)
    EXTI15_10_IRQHandler                     0x080001c3   Thumb Code     0  startup_stm32f10x_md.o(.text)
    EXTI1_IRQHandler                         0x080001c3   Thumb Code     0  startup_stm32f10x_md.o(.text)
    EXTI2_IRQHandler                         0x080001c3   Thumb Code     0  startup_stm32f10x_md.o(.text)
    EXTI3_IRQHandler                         0x080001c3   Thumb Code     0  startup_stm32f10x_md.o(.text)
    EXTI4_IRQHandler                         0x080001c3   Thumb Code     0  startup_stm32f10x_md.o(.text)
    EXTI9_5_IRQHandler                       0x080001c3   Thumb Code     0  startup_stm32f10x_md.o(.text)
    FLASH_IRQHandler                         0x080001c3   Thumb Code     0  startup_stm32f10x_md.o(.text)
    I2C1_ER_IRQHandler                       0x080001c3   Thumb Code     0  startup_stm32f10x_md.o(.text)
    I2C1_EV_IRQHandler                       0x080001c3   Thumb Code     0  startup_stm32f10x_md.o(.text)
    I2C2_ER_IRQHandler                       0x080001c3   Thumb Code     0  startup_stm32f10x_md.o(.text)
    I2C2_EV_IRQHandler                       0x080001c3   Thumb Code     0  startup_stm32f10x_md.o(.text)
    PVD_IRQHandler                           0x080001c3   Thumb Code     0  startup_stm32f10x_md.o(.text)
    RCC_IRQHandler                           0x080001c3   Thumb Code     0  startup_stm32f10x_md.o(.text)
    RTCAlarm_IRQHandler                      0x080001c3   Thumb Code     0  startup_stm32f10x_md.o(.text)
    RTC_IRQHandler                           0x080001c3   Thumb Code     0  startup_stm32f10x_md.o(.text)
    SPI1_IRQHandler                          0x080001c3   Thumb Code     0  startup_stm32f10x_md.o(.text)
    SPI2_IRQHandler                          0x080001c3   Thumb Code     0  startup_stm32f10x_md.o(.text)
    TAMPER_IRQHandler                        0x080001c3   Thumb Code     0  startup_stm32f10x_md.o(.text)
    TIM1_BRK_IRQHandler                      0x080001c3   Thumb Code     0  startup_stm32f10x_md.o(.text)
    TIM1_CC_IRQHandler                       0x080001c3   Thumb Code     0  startup_stm32f10x_md.o(.text)
    TIM1_TRG_COM_IRQHandler                  0x080001c3   Thumb Code     0  startup_stm32f10x_md.o(.text)
    TIM1_UP_IRQHandler                       0x080001c3   Thumb Code     0  startup_stm32f10x_md.o(.text)
    TIM3_IRQHandler                          0x080001c3   Thumb Code     0  startup_stm32f10x_md.o(.text)
    TIM4_IRQHandler                          0x080001c3   Thumb Code     0  startup_stm32f10x_md.o(.text)
    USART2_IRQHandler                        0x080001c3   Thumb Code     0  startup_stm32f10x_md.o(.text)
    USART3_IRQHandler                        0x080001c3   Thumb Code     0  startup_stm32f10x_md.o(.text)
    USBWakeUp_IRQHandler                     0x080001c3   Thumb Code     0  startup_stm32f10x_md.o(.text)
    USB_HP_CAN1_TX_IRQHandler                0x080001c3   Thumb Code     0  startup_stm32f10x_md.o(.text)
    USB_LP_CAN1_RX0_IRQHandler               0x080001c3   Thumb Code     0  startup_stm32f10x_md.o(.text)
    WWDG_IRQHandler                          0x080001c3   Thumb Code     0  startup_stm32f10x_md.o(.text)
    __user_initial_stackheap                 0x080001c5   Thumb Code     0  startup_stm32f10x_md.o(.text)
    __use_no_semihosting                     0x080001e9   Thumb Code     2  use_no_semi_2.o(.text)
    __aeabi_ldivmod                          0x080001eb   Thumb Code     0  llsdiv.o(.text)
    _ll_sdiv                                 0x080001eb   Thumb Code    72  llsdiv.o(.text)
    __2printf                                0x08000235   Thumb Code    20  noretval__2printf.o(.text)
    __2sprintf                               0x0800024d   Thumb Code    34  noretval__2sprintf.o(.text)
    _printf_int_dec                          0x08000275   Thumb Code   104  _printf_dec.o(.text)
    __printf                                 0x080002ed   Thumb Code   270  __printf_wp.o(.text)
    memcmp                                   0x080003fb   Thumb Code    88  memcmp.o(.text)
    __aeabi_memset                           0x08000453   Thumb Code    16  aeabi_memset.o(.text)
    __use_two_region_memory                  0x08000463   Thumb Code     2  heapauxi.o(.text)
    __rt_heap_escrow$2region                 0x08000465   Thumb Code     2  heapauxi.o(.text)
    __rt_heap_expand$2region                 0x08000467   Thumb Code     2  heapauxi.o(.text)
    __I$use$semihosting                      0x08000469   Thumb Code     0  use_no_semi.o(.text)
    __use_no_semihosting_swi                 0x08000469   Thumb Code     2  use_no_semi.o(.text)
    __aeabi_uldivmod                         0x0800046b   Thumb Code     0  lludivv7m.o(.text)
    _ll_udiv                                 0x0800046b   Thumb Code   238  lludivv7m.o(.text)
    __read_errno                             0x08000559   Thumb Code    10  _rserrno.o(.text)
    __set_errno                              0x08000563   Thumb Code    12  _rserrno.o(.text)
    _printf_int_common                       0x0800056f   Thumb Code   178  _printf_intcommon.o(.text)
    __lib_sel_fp_printf                      0x08000621   Thumb Code     2  _printf_fp_dec.o(.text)
    _printf_fp_dec_real                      0x080007d3   Thumb Code   620  _printf_fp_dec.o(.text)
    _printf_char_common                      0x08000a4b   Thumb Code    32  _printf_char_common.o(.text)
    _sputc                                   0x08000a71   Thumb Code    10  _sputc.o(.text)
    _printf_char_file                        0x08000a7d   Thumb Code    32  _printf_char_file.o(.text)
    __aeabi_memclr                           0x08000aa1   Thumb Code     0  rt_memclr.o(.text)
    __rt_memclr                              0x08000aa1   Thumb Code    68  rt_memclr.o(.text)
    _memset                                  0x08000aa5   Thumb Code     0  rt_memclr.o(.text)
    __rt_locale                              0x08000ae5   Thumb Code     8  rt_locale_intlibspace.o(.text)
    __aeabi_errno_addr                       0x08000aed   Thumb Code     8  rt_errno_addr_intlibspace.o(.text)
    __errno$intlibspace                      0x08000aed   Thumb Code     0  rt_errno_addr_intlibspace.o(.text)
    __rt_errno_addr$intlibspace              0x08000aed   Thumb Code     0  rt_errno_addr_intlibspace.o(.text)
    _ll_udiv10                               0x08000af5   Thumb Code   138  lludiv10.o(.text)
    _printf_fp_infnan                        0x08000b81   Thumb Code   112  _printf_fp_infnan.o(.text)
    _btod_etento                             0x08000c01   Thumb Code   224  bigflt0.o(.text)
    ferror                                   0x08000ce5   Thumb Code     8  ferror.o(.text)
    __aeabi_memclr4                          0x08000ced   Thumb Code     0  rt_memclr_w.o(.text)
    __aeabi_memclr8                          0x08000ced   Thumb Code     0  rt_memclr_w.o(.text)
    __rt_memclr_w                            0x08000ced   Thumb Code    78  rt_memclr_w.o(.text)
    _memset_w                                0x08000cf1   Thumb Code     0  rt_memclr_w.o(.text)
    __user_libspace                          0x08000d3d   Thumb Code     8  libspace.o(.text)
    __user_perproc_libspace                  0x08000d3d   Thumb Code     0  libspace.o(.text)
    __user_perthread_libspace                0x08000d3d   Thumb Code     0  libspace.o(.text)
    __user_setup_stackheap                   0x08000d45   Thumb Code    74  sys_stackheap_outer.o(.text)
    exit                                     0x08000d8f   Thumb Code    18  exit.o(.text)
    strcmp                                   0x08000da1   Thumb Code   128  strcmpv7m.o(.text)
    _btod_d2e                                0x08000e21   Thumb Code    62  btod.o(CL$$btod_d2e)
    _d2e_denorm_low                          0x08000e5f   Thumb Code    70  btod.o(CL$$btod_d2e_denorm_low)
    _d2e_norm_op1                            0x08000ea5   Thumb Code    96  btod.o(CL$$btod_d2e_norm_op1)
    __btod_div_common                        0x08000f05   Thumb Code   696  btod.o(CL$$btod_div_common)
    _e2e                                     0x0800123d   Thumb Code   220  btod.o(CL$$btod_e2e)
    _btod_ediv                               0x08001319   Thumb Code    42  btod.o(CL$$btod_ediv)
    _btod_emul                               0x08001343   Thumb Code    42  btod.o(CL$$btod_emul)
    __btod_mult_common                       0x0800136d   Thumb Code   580  btod.o(CL$$btod_mult_common)
    BusFault_Handler                         0x080015b1   Thumb Code     4  stm32f10x_it.o(i.BusFault_Handler)
    DMP_Init                                 0x080015b5   Thumb Code   194  mpu6050.o(i.DMP_Init)
    DebugMon_Handler                         0x080017c5   Thumb Code     2  stm32f10x_it.o(i.DebugMon_Handler)
    GPIO_Init                                0x080017c7   Thumb Code   278  stm32f10x_gpio.o(i.GPIO_Init)
    GPIO_ResetBits                           0x080018dd   Thumb Code     4  stm32f10x_gpio.o(i.GPIO_ResetBits)
    GPIO_SetBits                             0x080018e1   Thumb Code     4  stm32f10x_gpio.o(i.GPIO_SetBits)
    HardFault_Handler                        0x080018e5   Thumb Code     4  stm32f10x_it.o(i.HardFault_Handler)
    I2C_ReadOneByte                          0x080018e9   Thumb Code    70  iic.o(i.I2C_ReadOneByte)
    I2C_Start                                0x08001931   Thumb Code    44  oled.o(i.I2C_Start)
    I2C_Stop                                 0x08001961   Thumb Code    34  oled.o(i.I2C_Stop)
    I2C_WaitAck                              0x08001989   Thumb Code    24  oled.o(i.I2C_WaitAck)
    IIC_Ack                                  0x080019a5   Thumb Code    62  iic.o(i.IIC_Ack)
    IIC_Delay                                0x080019f1   Thumb Code    10  iic.o(i.IIC_Delay)
    IIC_Init                                 0x080019fd   Thumb Code    46  iic.o(i.IIC_Init)
    IIC_NAck                                 0x08001a31   Thumb Code    62  iic.o(i.IIC_NAck)
    IIC_Read_Byte                            0x08001a7d   Thumb Code    94  iic.o(i.IIC_Read_Byte)
    IIC_Send_Byte                            0x08001ae9   Thumb Code    98  iic.o(i.IIC_Send_Byte)
    IIC_Start                                0x08001b59   Thumb Code    90  iic.o(i.IIC_Start)
    IIC_Stop                                 0x08001bc1   Thumb Code    58  iic.o(i.IIC_Stop)
    IIC_Wait_Ack                             0x08001c09   Thumb Code    90  iic.o(i.IIC_Wait_Ack)
    IICreadByte                              0x08001c71   Thumb Code    22  iic.o(i.IICreadByte)
    IICwriteBit                              0x08001c87   Thumb Code    64  iic.o(i.IICwriteBit)
    IICwriteBits                             0x08001cc7   Thumb Code   106  iic.o(i.IICwriteBits)
    IICwriteByte                             0x08001d31   Thumb Code    20  iic.o(i.IICwriteByte)
    IICwriteBytes                            0x08001d45   Thumb Code    70  iic.o(i.IICwriteBytes)
    MPU6050_initialize                       0x08001d8b   Thumb Code    40  mpu6050.o(i.MPU6050_initialize)
    MPU6050_setClockSource                   0x08001db3   Thumb Code    20  mpu6050.o(i.MPU6050_setClockSource)
    MPU6050_setFullScaleAccelRange           0x08001dc7   Thumb Code    20  mpu6050.o(i.MPU6050_setFullScaleAccelRange)
    MPU6050_setFullScaleGyroRange            0x08001ddb   Thumb Code    20  mpu6050.o(i.MPU6050_setFullScaleGyroRange)
    MPU6050_setI2CBypassEnabled              0x08001def   Thumb Code    18  mpu6050.o(i.MPU6050_setI2CBypassEnabled)
    MPU6050_setI2CMasterModeEnabled          0x08001e01   Thumb Code    18  mpu6050.o(i.MPU6050_setI2CMasterModeEnabled)
    MPU6050_setSleepEnabled                  0x08001e13   Thumb Code    18  mpu6050.o(i.MPU6050_setSleepEnabled)
    MemManage_Handler                        0x08001e25   Thumb Code     4  stm32f10x_it.o(i.MemManage_Handler)
    NMI_Handler                              0x08001e29   Thumb Code     2  stm32f10x_it.o(i.NMI_Handler)
    NVIC_Init                                0x08001e2d   Thumb Code   100  misc.o(i.NVIC_Init)
    OLED_Clear                               0x08001e9d   Thumb Code    42  oled.o(i.OLED_Clear)
    OLED_ClearPoint                          0x08001ecd   Thumb Code    90  oled.o(i.OLED_ClearPoint)
    OLED_DrawPoint                           0x08001f2d   Thumb Code    54  oled.o(i.OLED_DrawPoint)
    OLED_Init                                0x08001f69   Thumb Code   284  oled.o(i.OLED_Init)
    OLED_Refresh                             0x08002089   Thumb Code    70  oled.o(i.OLED_Refresh)
    OLED_ShowChar                            0x080020d5   Thumb Code   240  oled.o(i.OLED_ShowChar)
    OLED_ShowString                          0x080021d1   Thumb Code    66  oled.o(i.OLED_ShowString)
    OLED_WR_Byte                             0x08002213   Thumb Code    56  oled.o(i.OLED_WR_Byte)
    PendSV_Handler                           0x0800224b   Thumb Code     2  stm32f10x_it.o(i.PendSV_Handler)
    RCC_APB1PeriphClockCmd                   0x0800224d   Thumb Code    26  stm32f10x_rcc.o(i.RCC_APB1PeriphClockCmd)
    RCC_APB2PeriphClockCmd                   0x0800226d   Thumb Code    26  stm32f10x_rcc.o(i.RCC_APB2PeriphClockCmd)
    RCC_GetClocksFreq                        0x0800228d   Thumb Code   192  stm32f10x_rcc.o(i.RCC_GetClocksFreq)
    Read_DMP                                 0x08002361   Thumb Code   570  mpu6050.o(i.Read_DMP)
    SVC_Handler                              0x080025bd   Thumb Code     2  stm32f10x_it.o(i.SVC_Handler)
    Send_Byte                                0x080025c1   Thumb Code    80  oled.o(i.Send_Byte)
    SysTick_CLKSourceConfig                  0x080026fd   Thumb Code    40  misc.o(i.SysTick_CLKSourceConfig)
    SysTick_Handler                          0x08002725   Thumb Code     2  stm32f10x_it.o(i.SysTick_Handler)
    SystemInit                               0x08002729   Thumb Code    78  system_stm32f10x.o(i.SystemInit)
    TIM2_Getsample_Int                       0x08002789   Thumb Code    92  time.o(i.TIM2_Getsample_Int)
    TIM2_IRQHandler                          0x080027e5   Thumb Code    90  time.o(i.TIM2_IRQHandler)
    TIM_ClearITPendingBit                    0x08002881   Thumb Code     6  stm32f10x_tim.o(i.TIM_ClearITPendingBit)
    TIM_Cmd                                  0x08002887   Thumb Code    24  stm32f10x_tim.o(i.TIM_Cmd)
    TIM_GetITStatus                          0x0800289f   Thumb Code    34  stm32f10x_tim.o(i.TIM_GetITStatus)
    TIM_ITConfig                             0x080028c1   Thumb Code    18  stm32f10x_tim.o(i.TIM_ITConfig)
    TIM_TimeBaseInit                         0x080028d5   Thumb Code   122  stm32f10x_tim.o(i.TIM_TimeBaseInit)
    USART1_IRQHandler                        0x08002979   Thumb Code   122  usart.o(i.USART1_IRQHandler)
    USART_Cmd                                0x08002a01   Thumb Code    24  stm32f10x_usart.o(i.USART_Cmd)
    USART_GetITStatus                        0x08002a19   Thumb Code    84  stm32f10x_usart.o(i.USART_GetITStatus)
    USART_ITConfig                           0x08002a6d   Thumb Code    74  stm32f10x_usart.o(i.USART_ITConfig)
    USART_Init                               0x08002ab9   Thumb Code   210  stm32f10x_usart.o(i.USART_Init)
    USART_ReceiveData                        0x08002b91   Thumb Code    10  stm32f10x_usart.o(i.USART_ReceiveData)
    UsageFault_Handler                       0x08002b9b   Thumb Code     4  stm32f10x_it.o(i.UsageFault_Handler)
    __ARM_fpclassify                         0x08002b9f   Thumb Code    40  fpclassify.o(i.__ARM_fpclassify)
    __kernel_poly                            0x08002bc7   Thumb Code   170  poly.o(i.__kernel_poly)
    __mathlib_dbl_infnan                     0x08002c71   Thumb Code     6  dunder.o(i.__mathlib_dbl_infnan)
    __mathlib_dbl_infnan2                    0x08002c77   Thumb Code     4  dunder.o(i.__mathlib_dbl_infnan2)
    __mathlib_dbl_invalid                    0x08002c7b   Thumb Code    12  dunder.o(i.__mathlib_dbl_invalid)
    __mathlib_dbl_underflow                  0x08002c89   Thumb Code    10  dunder.o(i.__mathlib_dbl_underflow)
    _is_digit                                0x08002c99   Thumb Code    14  __printf_wp.o(i._is_digit)
    _sys_exit                                0x08002ca7   Thumb Code     6  usart.o(i._sys_exit)
    asin                                     0x08002d55   Thumb Code   572  asin.o(i.asin)
    atan                                     0x08002fc5   Thumb Code   474  atan.o(i.atan)
    atan2                                    0x080031e5   Thumb Code   374  atan2.o(i.atan2)
    delay_init                               0x080033e5   Thumb Code    50  delay.o(i.delay_init)
    delay_ms                                 0x08003429   Thumb Code    72  delay.o(i.delay_ms)
    delay_us                                 0x08003475   Thumb Code    72  delay.o(i.delay_us)
    dmp_enable_6x_lp_quat                    0x080034c1   Thumb Code    60  inv_mpu_dmp_motion_driver.o(i.dmp_enable_6x_lp_quat)
    dmp_enable_feature                       0x080034fd   Thumb Code   530  inv_mpu_dmp_motion_driver.o(i.dmp_enable_feature)
    dmp_enable_gyro_cal                      0x08003719   Thumb Code    62  inv_mpu_dmp_motion_driver.o(i.dmp_enable_gyro_cal)
    dmp_enable_lp_quat                       0x08003771   Thumb Code    60  inv_mpu_dmp_motion_driver.o(i.dmp_enable_lp_quat)
    dmp_load_motion_driver_firmware          0x080037ad   Thumb Code    20  inv_mpu_dmp_motion_driver.o(i.dmp_load_motion_driver_firmware)
    dmp_read_fifo                            0x080037c5   Thumb Code   456  inv_mpu_dmp_motion_driver.o(i.dmp_read_fifo)
    dmp_set_accel_bias                       0x08003991   Thumb Code   300  inv_mpu_dmp_motion_driver.o(i.dmp_set_accel_bias)
    dmp_set_fifo_rate                        0x08003ac1   Thumb Code    96  inv_mpu_dmp_motion_driver.o(i.dmp_set_fifo_rate)
    dmp_set_gyro_bias                        0x08003b31   Thumb Code   294  inv_mpu_dmp_motion_driver.o(i.dmp_set_gyro_bias)
    dmp_set_orientation                      0x08003c61   Thumb Code   290  inv_mpu_dmp_motion_driver.o(i.dmp_set_orientation)
    dmp_set_shake_reject_thresh              0x08003d99   Thumb Code    56  inv_mpu_dmp_motion_driver.o(i.dmp_set_shake_reject_thresh)
    dmp_set_shake_reject_time                0x08003dd1   Thumb Code    38  inv_mpu_dmp_motion_driver.o(i.dmp_set_shake_reject_time)
    dmp_set_shake_reject_timeout             0x08003df7   Thumb Code    38  inv_mpu_dmp_motion_driver.o(i.dmp_set_shake_reject_timeout)
    dmp_set_tap_axes                         0x08003e1d   Thumb Code    70  inv_mpu_dmp_motion_driver.o(i.dmp_set_tap_axes)
    dmp_set_tap_count                        0x08003e63   Thumb Code    38  inv_mpu_dmp_motion_driver.o(i.dmp_set_tap_count)
    dmp_set_tap_thresh                       0x08003e89   Thumb Code   396  inv_mpu_dmp_motion_driver.o(i.dmp_set_tap_thresh)
    dmp_set_tap_time                         0x08004029   Thumb Code    38  inv_mpu_dmp_motion_driver.o(i.dmp_set_tap_time)
    dmp_set_tap_time_multi                   0x0800404f   Thumb Code    38  inv_mpu_dmp_motion_driver.o(i.dmp_set_tap_time_multi)
    fputc                                    0x08004075   Thumb Code    24  usart.o(i.fputc)
    i2cRead                                  0x080046c1   Thumb Code   118  iic.o(i.i2cRead)
    i2cWrite                                 0x08004737   Thumb Code    96  iic.o(i.i2cWrite)
    main                                     0x0800480d   Thumb Code   184  main.o(i.main)
    mpu_configure_fifo                       0x080048fd   Thumb Code   106  inv_mpu.o(i.mpu_configure_fifo)
    mpu_get_accel_fsr                        0x0800496d   Thumb Code    72  inv_mpu.o(i.mpu_get_accel_fsr)
    mpu_get_accel_sens                       0x080049b9   Thumb Code    78  inv_mpu.o(i.mpu_get_accel_sens)
    mpu_get_fifo_config                      0x08004a0d   Thumb Code    12  inv_mpu.o(i.mpu_get_fifo_config)
    mpu_get_gyro_fsr                         0x08004a1d   Thumb Code    64  inv_mpu.o(i.mpu_get_gyro_fsr)
    mpu_get_gyro_sens                        0x08004a61   Thumb Code    58  inv_mpu.o(i.mpu_get_gyro_sens)
    mpu_get_lpf                              0x08004ab1   Thumb Code    74  inv_mpu.o(i.mpu_get_lpf)
    mpu_get_sample_rate                      0x08004b01   Thumb Code    26  inv_mpu.o(i.mpu_get_sample_rate)
    mpu_init                                 0x08004b21   Thumb Code   416  inv_mpu.o(i.mpu_init)
    mpu_load_firmware                        0x08004d11   Thumb Code   180  inv_mpu.o(i.mpu_load_firmware)
    mpu_lp_accel_mode                        0x08004dc9   Thumb Code   218  inv_mpu.o(i.mpu_lp_accel_mode)
    mpu_read_fifo_stream                     0x08004ea9   Thumb Code   186  inv_mpu.o(i.mpu_read_fifo_stream)
    mpu_read_mem                             0x08004f69   Thumb Code   122  inv_mpu.o(i.mpu_read_mem)
    mpu_reset_fifo                           0x08004fe9   Thumb Code   438  inv_mpu.o(i.mpu_reset_fifo)
    mpu_run_self_test                        0x080051a5   Thumb Code   278  inv_mpu.o(i.mpu_run_self_test)
    mpu_set_accel_fsr                        0x080052c1   Thumb Code   126  inv_mpu.o(i.mpu_set_accel_fsr)
    mpu_set_bypass                           0x08005345   Thumb Code   328  inv_mpu.o(i.mpu_set_bypass)
    mpu_set_dmp_state                        0x08005491   Thumb Code   138  inv_mpu.o(i.mpu_set_dmp_state)
    mpu_set_gyro_fsr                         0x08005521   Thumb Code   132  inv_mpu.o(i.mpu_set_gyro_fsr)
    mpu_set_int_latched                      0x080055a9   Thumb Code   102  inv_mpu.o(i.mpu_set_int_latched)
    mpu_set_lpf                              0x08005615   Thumb Code   126  inv_mpu.o(i.mpu_set_lpf)
    mpu_set_sample_rate                      0x08005699   Thumb Code   152  inv_mpu.o(i.mpu_set_sample_rate)
    mpu_set_sensors                          0x08005735   Thumb Code   202  inv_mpu.o(i.mpu_set_sensors)
    mpu_write_mem                            0x08005805   Thumb Code   122  inv_mpu.o(i.mpu_write_mem)
    myget_ms                                 0x08005885   Thumb Code     2  inv_mpu.o(i.myget_ms)
    sqrt                                     0x080059d5   Thumb Code    76  sqrt.o(i.sqrt)
    uart_init                                0x08005a21   Thumb Code   152  usart.o(i.uart_init)
    _get_lc_numeric                          0x08005ac1   Thumb Code    44  lc_numeric_c.o(locale$$code)
    __aeabi_d2f                              0x08005aed   Thumb Code     0  d2f.o(x$fpl$d2f)
    _d2f                                     0x08005aed   Thumb Code    98  d2f.o(x$fpl$d2f)
    __aeabi_dadd                             0x08005b51   Thumb Code     0  daddsub_clz.o(x$fpl$dadd)
    _dadd                                    0x08005b51   Thumb Code   332  daddsub_clz.o(x$fpl$dadd)
    __fpl_dcheck_NaN1                        0x08005ca1   Thumb Code    10  dcheck1.o(x$fpl$dcheck1)
    __fpl_dcmp_Inf                           0x08005cb1   Thumb Code    24  dcmpi.o(x$fpl$dcmpinf)
    __aeabi_ddiv                             0x08005cc9   Thumb Code     0  ddiv.o(x$fpl$ddiv)
    _ddiv                                    0x08005cc9   Thumb Code   552  ddiv.o(x$fpl$ddiv)
    __aeabi_cdcmpeq                          0x08005f79   Thumb Code     0  deqf.o(x$fpl$deqf)
    _dcmpeq                                  0x08005f79   Thumb Code   120  deqf.o(x$fpl$deqf)
    __aeabi_dmul                             0x08005ff1   Thumb Code     0  dmul.o(x$fpl$dmul)
    _dmul                                    0x08005ff1   Thumb Code   332  dmul.o(x$fpl$dmul)
    __fpl_dnaninf                            0x08006145   Thumb Code   156  dnaninf.o(x$fpl$dnaninf)
    __fpl_dretinf                            0x080061e1   Thumb Code    12  dretinf.o(x$fpl$dretinf)
    __aeabi_drsub                            0x080061ed   Thumb Code     0  daddsub_clz.o(x$fpl$drsb)
    _drsb                                    0x080061ed   Thumb Code    22  daddsub_clz.o(x$fpl$drsb)
    _dsqrt                                   0x08006205   Thumb Code   456  dsqrt_noumaal.o(x$fpl$dsqrt)
    __aeabi_dsub                             0x080063d1   Thumb Code     0  daddsub_clz.o(x$fpl$dsub)
    _dsub                                    0x080063d1   Thumb Code   464  daddsub_clz.o(x$fpl$dsub)
    __aeabi_f2d                              0x080065a5   Thumb Code     0  f2d.o(x$fpl$f2d)
    _f2d                                     0x080065a5   Thumb Code    86  f2d.o(x$fpl$f2d)
    __aeabi_fadd                             0x080065fd   Thumb Code     0  faddsub_clz.o(x$fpl$fadd)
    _fadd                                    0x080065fd   Thumb Code   196  faddsub_clz.o(x$fpl$fadd)
    __fpl_fcmp_Inf                           0x080066c1   Thumb Code    24  fcmpi.o(x$fpl$fcmpinf)
    __aeabi_fdiv                             0x080066d9   Thumb Code     0  fdiv.o(x$fpl$fdiv)
    _fdiv                                    0x080066d9   Thumb Code   384  fdiv.o(x$fpl$fdiv)
    __aeabi_cfcmpeq                          0x0800685d   Thumb Code     0  feqf.o(x$fpl$feqf)
    _fcmpeq                                  0x0800685d   Thumb Code   104  feqf.o(x$fpl$feqf)
    __aeabi_f2iz                             0x080068c5   Thumb Code     0  ffix.o(x$fpl$ffix)
    _ffix                                    0x080068c5   Thumb Code    54  ffix.o(x$fpl$ffix)
    __aeabi_f2uiz                            0x080068fd   Thumb Code     0  ffixu.o(x$fpl$ffixu)
    _ffixu                                   0x080068fd   Thumb Code    62  ffixu.o(x$fpl$ffixu)
    __aeabi_i2f                              0x0800693d   Thumb Code     0  fflt_clz.o(x$fpl$fflt)
    _fflt                                    0x0800693d   Thumb Code    48  fflt_clz.o(x$fpl$fflt)
    __aeabi_ui2f                             0x0800696d   Thumb Code     0  fflt_clz.o(x$fpl$ffltu)
    _ffltu                                   0x0800696d   Thumb Code    38  fflt_clz.o(x$fpl$ffltu)
    __aeabi_cfcmple                          0x08006995   Thumb Code     0  fleqf.o(x$fpl$fleqf)
    _fcmple                                  0x08006995   Thumb Code   104  fleqf.o(x$fpl$fleqf)
    __fpl_fcmple_InfNaN                      0x080069e7   Thumb Code     0  fleqf.o(x$fpl$fleqf)
    __aeabi_fmul                             0x080069fd   Thumb Code     0  fmul.o(x$fpl$fmul)
    _fmul                                    0x080069fd   Thumb Code   258  fmul.o(x$fpl$fmul)
    __fpl_fnaninf                            0x08006aff   Thumb Code   140  fnaninf.o(x$fpl$fnaninf)
    __fpl_fretinf                            0x08006b8b   Thumb Code    10  fretinf.o(x$fpl$fretinf)
    __aeabi_cfrcmple                         0x08006b95   Thumb Code     0  frleqf.o(x$fpl$frleqf)
    _frcmple                                 0x08006b95   Thumb Code    98  frleqf.o(x$fpl$frleqf)
    __aeabi_fsub                             0x08006bf9   Thumb Code     0  faddsub_clz.o(x$fpl$fsub)
    _fsub                                    0x08006bf9   Thumb Code   234  faddsub_clz.o(x$fpl$fsub)
    _printf_fp_dec                           0x08006ce3   Thumb Code     4  printf1.o(x$fpl$printf1)
    __fpl_return_NaN                         0x08006ce7   Thumb Code   100  retnan.o(x$fpl$retnan)
    __ARM_scalbn                             0x08006d4b   Thumb Code    92  scalbn.o(x$fpl$scalbn)
    __fpl_cmpreturn                          0x08006da7   Thumb Code    48  trapv.o(x$fpl$trapveneer)
    __I$use$fp                               0x08006dd6   Number         0  usenofp.o(x$fpl$usenofp)
    hw                                       0x08006dd8   Data          12  inv_mpu.o(.constdata)
    reg                                      0x08006de4   Data          27  inv_mpu.o(.constdata)
    test                                     0x08006e00   Data          40  inv_mpu.o(.constdata)
    asc2_1206                                0x08007a1e   Data        1140  oled.o(.constdata)
    asc2_1608                                0x08007e92   Data        1520  oled.o(.constdata)
    asc2_2412                                0x08008482   Data        3420  oled.o(.constdata)
    Hzk1                                     0x080091de   Data         544  oled.o(.constdata)
    __mathlib_zero                           0x080094e8   Data           8  qnan.o(.constdata)
    Region$$Table$$Base                      0x080095d4   Number         0  anon$$obj.o(Region$$Table)
    Region$$Table$$Limit                     0x080095f4   Number         0  anon$$obj.o(Region$$Table)
    Pitch                                    0x20000000   Data           4  main.o(.data)
    Roll                                     0x20000004   Data           4  main.o(.data)
    Yaw                                      0x20000008   Data           4  main.o(.data)
    SystemCoreClock                          0x2000000c   Data           4  system_stm32f10x.o(.data)
    AHBPrescTable                            0x20000010   Data          16  system_stm32f10x.o(.data)
    gyro                                     0x20000034   Data           6  mpu6050.o(.data)
    accel                                    0x2000003a   Data           6  mpu6050.o(.data)
    sensors                                  0x20000040   Data           2  mpu6050.o(.data)
    q0                                       0x20000044   Data           4  mpu6050.o(.data)
    q1                                       0x20000048   Data           4  mpu6050.o(.data)
    q2                                       0x2000004c   Data           4  mpu6050.o(.data)
    q3                                       0x20000050   Data           4  mpu6050.o(.data)
    Gx_offset                                0x2000005e   Data           2  mpu6050.o(.data)
    Gy_offset                                0x20000060   Data           2  mpu6050.o(.data)
    Gz_offset                                0x20000062   Data           2  mpu6050.o(.data)
    __stdout                                 0x20000094   Data           4  usart.o(.data)
    USART_RX_STA                             0x20000098   Data           2  usart.o(.data)
    OLED_GRAM                                0x200000ac   Data        1152  oled.o(.bss)
    USART_RX_BUF                             0x2000052c   Data         200  usart.o(.bss)
    __libspace_start                         0x200005f4   Data          96  libspace.o(.bss)
    __temporary_stack_top$libspace           0x20000654   Data           0  libspace.o(.bss)



==============================================================================

Memory Map of the image

  Image Entry point : 0x080000ed

  Load Region LR_IROM1 (Base: 0x08000000, Size: 0x000096ac, Max: 0x00010000, ABSOLUTE)

    Execution Region ER_IROM1 (Exec base: 0x08000000, Load base: 0x08000000, Size: 0x00009610, Max: 0x00010000, ABSOLUTE)

    Exec Addr    Load Addr    Size         Type   Attr      Idx    E Section Name        Object

    0x08000000   0x08000000   0x000000ec   Data   RO            3    RESET               startup_stm32f10x_md.o
    0x080000ec   0x080000ec   0x00000008   Code   RO         4284  * !!!main             c_w.l(__main.o)
    0x080000f4   0x080000f4   0x00000034   Code   RO         4654    !!!scatter          c_w.l(__scatter.o)
    0x08000128   0x08000128   0x0000001a   Code   RO         4656    !!handler_copy      c_w.l(__scatter_copy.o)
    0x08000142   0x08000142   0x00000002   PAD
    0x08000144   0x08000144   0x0000001c   Code   RO         4658    !!handler_zi        c_w.l(__scatter_zi.o)
    0x08000160   0x08000160   0x00000000   Code   RO         4277    .ARM.Collect$$_printf_percent$$00000000  c_w.l(_printf_percent.o)
    0x08000160   0x08000160   0x00000006   Code   RO         4276    .ARM.Collect$$_printf_percent$$00000003  c_w.l(_printf_f.o)
    0x08000166   0x08000166   0x00000006   Code   RO         4275    .ARM.Collect$$_printf_percent$$00000009  c_w.l(_printf_d.o)
    0x0800016c   0x0800016c   0x00000004   Code   RO         4367    .ARM.Collect$$_printf_percent$$00000017  c_w.l(_printf_percent_end.o)
    0x08000170   0x08000170   0x00000002   Code   RO         4521    .ARM.Collect$$libinit$$00000000  c_w.l(libinit.o)
    0x08000172   0x08000172   0x00000000   Code   RO         4523    .ARM.Collect$$libinit$$00000002  c_w.l(libinit2.o)
    0x08000172   0x08000172   0x00000000   Code   RO         4525    .ARM.Collect$$libinit$$00000004  c_w.l(libinit2.o)
    0x08000172   0x08000172   0x00000000   Code   RO         4528    .ARM.Collect$$libinit$$0000000A  c_w.l(libinit2.o)
    0x08000172   0x08000172   0x00000000   Code   RO         4530    .ARM.Collect$$libinit$$0000000C  c_w.l(libinit2.o)
    0x08000172   0x08000172   0x00000000   Code   RO         4532    .ARM.Collect$$libinit$$0000000E  c_w.l(libinit2.o)
    0x08000172   0x08000172   0x00000006   Code   RO         4533    .ARM.Collect$$libinit$$0000000F  c_w.l(libinit2.o)
    0x08000178   0x08000178   0x00000000   Code   RO         4535    .ARM.Collect$$libinit$$00000011  c_w.l(libinit2.o)
    0x08000178   0x08000178   0x00000000   Code   RO         4537    .ARM.Collect$$libinit$$00000013  c_w.l(libinit2.o)
    0x08000178   0x08000178   0x00000000   Code   RO         4539    .ARM.Collect$$libinit$$00000015  c_w.l(libinit2.o)
    0x08000178   0x08000178   0x0000000a   Code   RO         4540    .ARM.Collect$$libinit$$00000016  c_w.l(libinit2.o)
    0x08000182   0x08000182   0x00000000   Code   RO         4541    .ARM.Collect$$libinit$$00000017  c_w.l(libinit2.o)
    0x08000182   0x08000182   0x00000000   Code   RO         4543    .ARM.Collect$$libinit$$00000019  c_w.l(libinit2.o)
    0x08000182   0x08000182   0x00000000   Code   RO         4545    .ARM.Collect$$libinit$$0000001B  c_w.l(libinit2.o)
    0x08000182   0x08000182   0x00000000   Code   RO         4547    .ARM.Collect$$libinit$$0000001D  c_w.l(libinit2.o)
    0x08000182   0x08000182   0x00000000   Code   RO         4549    .ARM.Collect$$libinit$$0000001F  c_w.l(libinit2.o)
    0x08000182   0x08000182   0x00000000   Code   RO         4551    .ARM.Collect$$libinit$$00000021  c_w.l(libinit2.o)
    0x08000182   0x08000182   0x00000000   Code   RO         4553    .ARM.Collect$$libinit$$00000023  c_w.l(libinit2.o)
    0x08000182   0x08000182   0x00000000   Code   RO         4555    .ARM.Collect$$libinit$$00000025  c_w.l(libinit2.o)
    0x08000182   0x08000182   0x00000000   Code   RO         4559    .ARM.Collect$$libinit$$0000002C  c_w.l(libinit2.o)
    0x08000182   0x08000182   0x00000000   Code   RO         4561    .ARM.Collect$$libinit$$0000002E  c_w.l(libinit2.o)
    0x08000182   0x08000182   0x00000000   Code   RO         4563    .ARM.Collect$$libinit$$00000030  c_w.l(libinit2.o)
    0x08000182   0x08000182   0x00000000   Code   RO         4565    .ARM.Collect$$libinit$$00000032  c_w.l(libinit2.o)
    0x08000182   0x08000182   0x00000002   Code   RO         4566    .ARM.Collect$$libinit$$00000033  c_w.l(libinit2.o)
    0x08000184   0x08000184   0x00000002   Code   RO         4612    .ARM.Collect$$libshutdown$$00000000  c_w.l(libshutdown.o)
    0x08000186   0x08000186   0x00000000   Code   RO         4621    .ARM.Collect$$libshutdown$$00000002  c_w.l(libshutdown2.o)
    0x08000186   0x08000186   0x00000000   Code   RO         4623    .ARM.Collect$$libshutdown$$00000004  c_w.l(libshutdown2.o)
    0x08000186   0x08000186   0x00000000   Code   RO         4625    .ARM.Collect$$libshutdown$$00000006  c_w.l(libshutdown2.o)
    0x08000186   0x08000186   0x00000000   Code   RO         4628    .ARM.Collect$$libshutdown$$00000009  c_w.l(libshutdown2.o)
    0x08000186   0x08000186   0x00000000   Code   RO         4631    .ARM.Collect$$libshutdown$$0000000C  c_w.l(libshutdown2.o)
    0x08000186   0x08000186   0x00000000   Code   RO         4633    .ARM.Collect$$libshutdown$$0000000E  c_w.l(libshutdown2.o)
    0x08000186   0x08000186   0x00000000   Code   RO         4636    .ARM.Collect$$libshutdown$$00000011  c_w.l(libshutdown2.o)
    0x08000186   0x08000186   0x00000002   Code   RO         4637    .ARM.Collect$$libshutdown$$00000012  c_w.l(libshutdown2.o)
    0x08000188   0x08000188   0x00000000   Code   RO         4352    .ARM.Collect$$rtentry$$00000000  c_w.l(__rtentry.o)
    0x08000188   0x08000188   0x00000000   Code   RO         4427    .ARM.Collect$$rtentry$$00000002  c_w.l(__rtentry2.o)
    0x08000188   0x08000188   0x00000006   Code   RO         4439    .ARM.Collect$$rtentry$$00000004  c_w.l(__rtentry4.o)
    0x0800018e   0x0800018e   0x00000000   Code   RO         4429    .ARM.Collect$$rtentry$$00000009  c_w.l(__rtentry2.o)
    0x0800018e   0x0800018e   0x00000004   Code   RO         4430    .ARM.Collect$$rtentry$$0000000A  c_w.l(__rtentry2.o)
    0x08000192   0x08000192   0x00000000   Code   RO         4432    .ARM.Collect$$rtentry$$0000000C  c_w.l(__rtentry2.o)
    0x08000192   0x08000192   0x00000008   Code   RO         4433    .ARM.Collect$$rtentry$$0000000D  c_w.l(__rtentry2.o)
    0x0800019a   0x0800019a   0x00000002   Code   RO         4569    .ARM.Collect$$rtexit$$00000000  c_w.l(rtexit.o)
    0x0800019c   0x0800019c   0x00000000   Code   RO         4582    .ARM.Collect$$rtexit$$00000002  c_w.l(rtexit2.o)
    0x0800019c   0x0800019c   0x00000004   Code   RO         4583    .ARM.Collect$$rtexit$$00000003  c_w.l(rtexit2.o)
    0x080001a0   0x080001a0   0x00000006   Code   RO         4584    .ARM.Collect$$rtexit$$00000004  c_w.l(rtexit2.o)
    0x080001a6   0x080001a6   0x00000002   PAD
    0x080001a8   0x080001a8   0x00000040   Code   RO            4    .text               startup_stm32f10x_md.o
    0x080001e8   0x080001e8   0x00000002   Code   RO         4239    .text               c_w.l(use_no_semi_2.o)
    0x080001ea   0x080001ea   0x00000048   Code   RO         4241    .text               c_w.l(llsdiv.o)
    0x08000232   0x08000232   0x00000002   PAD
    0x08000234   0x08000234   0x00000018   Code   RO         4247    .text               c_w.l(noretval__2printf.o)
    0x0800024c   0x0800024c   0x00000028   Code   RO         4249    .text               c_w.l(noretval__2sprintf.o)
    0x08000274   0x08000274   0x00000078   Code   RO         4253    .text               c_w.l(_printf_dec.o)
    0x080002ec   0x080002ec   0x0000010e   Code   RO         4263    .text               c_w.l(__printf_wp.o)
    0x080003fa   0x080003fa   0x00000058   Code   RO         4278    .text               c_w.l(memcmp.o)
    0x08000452   0x08000452   0x00000010   Code   RO         4280    .text               c_w.l(aeabi_memset.o)
    0x08000462   0x08000462   0x00000006   Code   RO         4282    .text               c_w.l(heapauxi.o)
    0x08000468   0x08000468   0x00000002   Code   RO         4350    .text               c_w.l(use_no_semi.o)
    0x0800046a   0x0800046a   0x000000ee   Code   RO         4353    .text               c_w.l(lludivv7m.o)
    0x08000558   0x08000558   0x00000016   Code   RO         4355    .text               c_w.l(_rserrno.o)
    0x0800056e   0x0800056e   0x000000b2   Code   RO         4357    .text               c_w.l(_printf_intcommon.o)
    0x08000620   0x08000620   0x0000041e   Code   RO         4359    .text               c_w.l(_printf_fp_dec.o)
    0x08000a3e   0x08000a3e   0x00000002   PAD
    0x08000a40   0x08000a40   0x00000030   Code   RO         4361    .text               c_w.l(_printf_char_common.o)
    0x08000a70   0x08000a70   0x0000000a   Code   RO         4363    .text               c_w.l(_sputc.o)
    0x08000a7a   0x08000a7a   0x00000002   PAD
    0x08000a7c   0x08000a7c   0x00000024   Code   RO         4365    .text               c_w.l(_printf_char_file.o)
    0x08000aa0   0x08000aa0   0x00000044   Code   RO         4368    .text               c_w.l(rt_memclr.o)
    0x08000ae4   0x08000ae4   0x00000008   Code   RO         4448    .text               c_w.l(rt_locale_intlibspace.o)
    0x08000aec   0x08000aec   0x00000008   Code   RO         4453    .text               c_w.l(rt_errno_addr_intlibspace.o)
    0x08000af4   0x08000af4   0x0000008a   Code   RO         4455    .text               c_w.l(lludiv10.o)
    0x08000b7e   0x08000b7e   0x00000002   PAD
    0x08000b80   0x08000b80   0x00000080   Code   RO         4457    .text               c_w.l(_printf_fp_infnan.o)
    0x08000c00   0x08000c00   0x000000e4   Code   RO         4461    .text               c_w.l(bigflt0.o)
    0x08000ce4   0x08000ce4   0x00000008   Code   RO         4486    .text               c_w.l(ferror.o)
    0x08000cec   0x08000cec   0x0000004e   Code   RO         4493    .text               c_w.l(rt_memclr_w.o)
    0x08000d3a   0x08000d3a   0x00000002   PAD
    0x08000d3c   0x08000d3c   0x00000008   Code   RO         4505    .text               c_w.l(libspace.o)
    0x08000d44   0x08000d44   0x0000004a   Code   RO         4508    .text               c_w.l(sys_stackheap_outer.o)
    0x08000d8e   0x08000d8e   0x00000012   Code   RO         4512    .text               c_w.l(exit.o)
    0x08000da0   0x08000da0   0x00000080   Code   RO         4514    .text               c_w.l(strcmpv7m.o)
    0x08000e20   0x08000e20   0x0000003e   Code   RO         4464    CL$$btod_d2e        c_w.l(btod.o)
    0x08000e5e   0x08000e5e   0x00000046   Code   RO         4466    CL$$btod_d2e_denorm_low  c_w.l(btod.o)
    0x08000ea4   0x08000ea4   0x00000060   Code   RO         4465    CL$$btod_d2e_norm_op1  c_w.l(btod.o)
    0x08000f04   0x08000f04   0x00000338   Code   RO         4474    CL$$btod_div_common  c_w.l(btod.o)
    0x0800123c   0x0800123c   0x000000dc   Code   RO         4471    CL$$btod_e2e        c_w.l(btod.o)
    0x08001318   0x08001318   0x0000002a   Code   RO         4468    CL$$btod_ediv       c_w.l(btod.o)
    0x08001342   0x08001342   0x0000002a   Code   RO         4467    CL$$btod_emul       c_w.l(btod.o)
    0x0800136c   0x0800136c   0x00000244   Code   RO         4473    CL$$btod_mult_common  c_w.l(btod.o)
    0x080015b0   0x080015b0   0x00000004   Code   RO          158    i.BusFault_Handler  stm32f10x_it.o
    0x080015b4   0x080015b4   0x00000210   Code   RO         3244    i.DMP_Init          mpu6050.o
    0x080017c4   0x080017c4   0x00000002   Code   RO          159    i.DebugMon_Handler  stm32f10x_it.o
    0x080017c6   0x080017c6   0x00000116   Code   RO          307    i.GPIO_Init         stm32f10x_gpio.o
    0x080018dc   0x080018dc   0x00000004   Code   RO          314    i.GPIO_ResetBits    stm32f10x_gpio.o
    0x080018e0   0x080018e0   0x00000004   Code   RO          315    i.GPIO_SetBits      stm32f10x_gpio.o
    0x080018e4   0x080018e4   0x00000004   Code   RO          160    i.HardFault_Handler  stm32f10x_it.o
    0x080018e8   0x080018e8   0x00000046   Code   RO         3361    i.I2C_ReadOneByte   iic.o
    0x0800192e   0x0800192e   0x00000002   PAD
    0x08001930   0x08001930   0x00000030   Code   RO         3949    i.I2C_Start         oled.o
    0x08001960   0x08001960   0x00000028   Code   RO         3950    i.I2C_Stop          oled.o
    0x08001988   0x08001988   0x0000001c   Code   RO         3951    i.I2C_WaitAck       oled.o
    0x080019a4   0x080019a4   0x0000004c   Code   RO         3362    i.IIC_Ack           iic.o
    0x080019f0   0x080019f0   0x0000000a   Code   RO         3363    i.IIC_Delay         iic.o
    0x080019fa   0x080019fa   0x00000002   PAD
    0x080019fc   0x080019fc   0x00000034   Code   RO         3364    i.IIC_Init          iic.o
    0x08001a30   0x08001a30   0x0000004c   Code   RO         3365    i.IIC_NAck          iic.o
    0x08001a7c   0x08001a7c   0x0000006c   Code   RO         3366    i.IIC_Read_Byte     iic.o
    0x08001ae8   0x08001ae8   0x00000070   Code   RO         3367    i.IIC_Send_Byte     iic.o
    0x08001b58   0x08001b58   0x00000068   Code   RO         3368    i.IIC_Start         iic.o
    0x08001bc0   0x08001bc0   0x00000048   Code   RO         3369    i.IIC_Stop          iic.o
    0x08001c08   0x08001c08   0x00000068   Code   RO         3370    i.IIC_Wait_Ack      iic.o
    0x08001c70   0x08001c70   0x00000016   Code   RO         3371    i.IICreadByte       iic.o
    0x08001c86   0x08001c86   0x00000040   Code   RO         3373    i.IICwriteBit       iic.o
    0x08001cc6   0x08001cc6   0x0000006a   Code   RO         3374    i.IICwriteBits      iic.o
    0x08001d30   0x08001d30   0x00000014   Code   RO         3375    i.IICwriteByte      iic.o
    0x08001d44   0x08001d44   0x00000046   Code   RO         3376    i.IICwriteBytes     iic.o
    0x08001d8a   0x08001d8a   0x00000028   Code   RO         3247    i.MPU6050_initialize  mpu6050.o
    0x08001db2   0x08001db2   0x00000014   Code   RO         3249    i.MPU6050_setClockSource  mpu6050.o
    0x08001dc6   0x08001dc6   0x00000014   Code   RO         3250    i.MPU6050_setFullScaleAccelRange  mpu6050.o
    0x08001dda   0x08001dda   0x00000014   Code   RO         3251    i.MPU6050_setFullScaleGyroRange  mpu6050.o
    0x08001dee   0x08001dee   0x00000012   Code   RO         3252    i.MPU6050_setI2CBypassEnabled  mpu6050.o
    0x08001e00   0x08001e00   0x00000012   Code   RO         3253    i.MPU6050_setI2CMasterModeEnabled  mpu6050.o
    0x08001e12   0x08001e12   0x00000012   Code   RO         3254    i.MPU6050_setSleepEnabled  mpu6050.o
    0x08001e24   0x08001e24   0x00000004   Code   RO          161    i.MemManage_Handler  stm32f10x_it.o
    0x08001e28   0x08001e28   0x00000002   Code   RO          162    i.NMI_Handler       stm32f10x_it.o
    0x08001e2a   0x08001e2a   0x00000002   PAD
    0x08001e2c   0x08001e2c   0x00000070   Code   RO          265    i.NVIC_Init         misc.o
    0x08001e9c   0x08001e9c   0x00000030   Code   RO         3952    i.OLED_Clear        oled.o
    0x08001ecc   0x08001ecc   0x00000060   Code   RO         3953    i.OLED_ClearPoint   oled.o
    0x08001f2c   0x08001f2c   0x0000003c   Code   RO         3960    i.OLED_DrawPoint    oled.o
    0x08001f68   0x08001f68   0x00000120   Code   RO         3961    i.OLED_Init         oled.o
    0x08002088   0x08002088   0x0000004c   Code   RO         3963    i.OLED_Refresh      oled.o
    0x080020d4   0x080020d4   0x000000fc   Code   RO         3965    i.OLED_ShowChar     oled.o
    0x080021d0   0x080021d0   0x00000042   Code   RO         3969    i.OLED_ShowString   oled.o
    0x08002212   0x08002212   0x00000038   Code   RO         3971    i.OLED_WR_Byte      oled.o
    0x0800224a   0x0800224a   0x00000002   Code   RO          163    i.PendSV_Handler    stm32f10x_it.o
    0x0800224c   0x0800224c   0x00000020   Code   RO          681    i.RCC_APB1PeriphClockCmd  stm32f10x_rcc.o
    0x0800226c   0x0800226c   0x00000020   Code   RO          683    i.RCC_APB2PeriphClockCmd  stm32f10x_rcc.o
    0x0800228c   0x0800228c   0x000000d4   Code   RO          691    i.RCC_GetClocksFreq  stm32f10x_rcc.o
    0x08002360   0x08002360   0x0000025c   Code   RO         3256    i.Read_DMP          mpu6050.o
    0x080025bc   0x080025bc   0x00000002   Code   RO          164    i.SVC_Handler       stm32f10x_it.o
    0x080025be   0x080025be   0x00000002   PAD
    0x080025c0   0x080025c0   0x00000054   Code   RO         3972    i.Send_Byte         oled.o
    0x08002614   0x08002614   0x00000008   Code   RO          231    i.SetSysClock       system_stm32f10x.o
    0x0800261c   0x0800261c   0x000000e0   Code   RO          232    i.SetSysClockTo72   system_stm32f10x.o
    0x080026fc   0x080026fc   0x00000028   Code   RO          269    i.SysTick_CLKSourceConfig  misc.o
    0x08002724   0x08002724   0x00000002   Code   RO          165    i.SysTick_Handler   stm32f10x_it.o
    0x08002726   0x08002726   0x00000002   PAD
    0x08002728   0x08002728   0x00000060   Code   RO          234    i.SystemInit        system_stm32f10x.o
    0x08002788   0x08002788   0x0000005c   Code   RO         4113    i.TIM2_Getsample_Int  time.o
    0x080027e4   0x080027e4   0x0000009c   Code   RO         4114    i.TIM2_IRQHandler   time.o
    0x08002880   0x08002880   0x00000006   Code   RO          980    i.TIM_ClearITPendingBit  stm32f10x_tim.o
    0x08002886   0x08002886   0x00000018   Code   RO          985    i.TIM_Cmd           stm32f10x_tim.o
    0x0800289e   0x0800289e   0x00000022   Code   RO         1006    i.TIM_GetITStatus   stm32f10x_tim.o
    0x080028c0   0x080028c0   0x00000012   Code   RO         1010    i.TIM_ITConfig      stm32f10x_tim.o
    0x080028d2   0x080028d2   0x00000002   PAD
    0x080028d4   0x080028d4   0x000000a4   Code   RO         1056    i.TIM_TimeBaseInit  stm32f10x_tim.o
    0x08002978   0x08002978   0x00000088   Code   RO         4196    i.USART1_IRQHandler  usart.o
    0x08002a00   0x08002a00   0x00000018   Code   RO         1521    i.USART_Cmd         stm32f10x_usart.o
    0x08002a18   0x08002a18   0x00000054   Code   RO         1525    i.USART_GetITStatus  stm32f10x_usart.o
    0x08002a6c   0x08002a6c   0x0000004a   Code   RO         1527    i.USART_ITConfig    stm32f10x_usart.o
    0x08002ab6   0x08002ab6   0x00000002   PAD
    0x08002ab8   0x08002ab8   0x000000d8   Code   RO         1528    i.USART_Init        stm32f10x_usart.o
    0x08002b90   0x08002b90   0x0000000a   Code   RO         1535    i.USART_ReceiveData  stm32f10x_usart.o
    0x08002b9a   0x08002b9a   0x00000004   Code   RO          166    i.UsageFault_Handler  stm32f10x_it.o
    0x08002b9e   0x08002b9e   0x00000028   Code   RO         4413    i.__ARM_fpclassify  m_ws.l(fpclassify.o)
    0x08002bc6   0x08002bc6   0x000000aa   Code   RO         4415    i.__kernel_poly     m_ws.l(poly.o)
    0x08002c70   0x08002c70   0x00000006   Code   RO         4400    i.__mathlib_dbl_infnan  m_ws.l(dunder.o)
    0x08002c76   0x08002c76   0x00000004   Code   RO         4401    i.__mathlib_dbl_infnan2  m_ws.l(dunder.o)
    0x08002c7a   0x08002c7a   0x0000000c   Code   RO         4402    i.__mathlib_dbl_invalid  m_ws.l(dunder.o)
    0x08002c86   0x08002c86   0x00000002   PAD
    0x08002c88   0x08002c88   0x00000010   Code   RO         4405    i.__mathlib_dbl_underflow  m_ws.l(dunder.o)
    0x08002c98   0x08002c98   0x0000000e   Code   RO         4265    i._is_digit         c_w.l(__printf_wp.o)
    0x08002ca6   0x08002ca6   0x00000006   Code   RO         4197    i._sys_exit         usart.o
    0x08002cac   0x08002cac   0x000000a8   Code   RO         3475    i.accel_self_test   inv_mpu.o
    0x08002d54   0x08002d54   0x00000270   Code   RO         4333    i.asin              m_ws.l(asin.o)
    0x08002fc4   0x08002fc4   0x00000220   Code   RO         4390    i.atan              m_ws.l(atan.o)
    0x080031e4   0x080031e4   0x0000019c   Code   RO         4343    i.atan2             m_ws.l(atan2.o)
    0x08003380   0x08003380   0x00000064   Code   RO         3764    i.decode_gesture    inv_mpu_dmp_motion_driver.o
    0x080033e4   0x080033e4   0x00000044   Code   RO         4142    i.delay_init        delay.o
    0x08003428   0x08003428   0x0000004c   Code   RO         4143    i.delay_ms          delay.o
    0x08003474   0x08003474   0x0000004c   Code   RO         4144    i.delay_us          delay.o
    0x080034c0   0x080034c0   0x0000003c   Code   RO         3765    i.dmp_enable_6x_lp_quat  inv_mpu_dmp_motion_driver.o
    0x080034fc   0x080034fc   0x0000021c   Code   RO         3766    i.dmp_enable_feature  inv_mpu_dmp_motion_driver.o
    0x08003718   0x08003718   0x00000058   Code   RO         3767    i.dmp_enable_gyro_cal  inv_mpu_dmp_motion_driver.o
    0x08003770   0x08003770   0x0000003c   Code   RO         3768    i.dmp_enable_lp_quat  inv_mpu_dmp_motion_driver.o
    0x080037ac   0x080037ac   0x00000018   Code   RO         3773    i.dmp_load_motion_driver_firmware  inv_mpu_dmp_motion_driver.o
    0x080037c4   0x080037c4   0x000001cc   Code   RO         3774    i.dmp_read_fifo     inv_mpu_dmp_motion_driver.o
    0x08003990   0x08003990   0x00000130   Code   RO         3777    i.dmp_set_accel_bias  inv_mpu_dmp_motion_driver.o
    0x08003ac0   0x08003ac0   0x00000070   Code   RO         3778    i.dmp_set_fifo_rate  inv_mpu_dmp_motion_driver.o
    0x08003b30   0x08003b30   0x00000130   Code   RO         3779    i.dmp_set_gyro_bias  inv_mpu_dmp_motion_driver.o
    0x08003c60   0x08003c60   0x00000138   Code   RO         3781    i.dmp_set_orientation  inv_mpu_dmp_motion_driver.o
    0x08003d98   0x08003d98   0x00000038   Code   RO         3784    i.dmp_set_shake_reject_thresh  inv_mpu_dmp_motion_driver.o
    0x08003dd0   0x08003dd0   0x00000026   Code   RO         3785    i.dmp_set_shake_reject_time  inv_mpu_dmp_motion_driver.o
    0x08003df6   0x08003df6   0x00000026   Code   RO         3786    i.dmp_set_shake_reject_timeout  inv_mpu_dmp_motion_driver.o
    0x08003e1c   0x08003e1c   0x00000046   Code   RO         3787    i.dmp_set_tap_axes  inv_mpu_dmp_motion_driver.o
    0x08003e62   0x08003e62   0x00000026   Code   RO         3788    i.dmp_set_tap_count  inv_mpu_dmp_motion_driver.o
    0x08003e88   0x08003e88   0x000001a0   Code   RO         3789    i.dmp_set_tap_thresh  inv_mpu_dmp_motion_driver.o
    0x08004028   0x08004028   0x00000026   Code   RO         3790    i.dmp_set_tap_time  inv_mpu_dmp_motion_driver.o
    0x0800404e   0x0800404e   0x00000026   Code   RO         3791    i.dmp_set_tap_time_multi  inv_mpu_dmp_motion_driver.o
    0x08004074   0x08004074   0x0000001c   Code   RO         4198    i.fputc             usart.o
    0x08004090   0x08004090   0x000000b4   Code   RO         3476    i.get_accel_prod_shift  inv_mpu.o
    0x08004144   0x08004144   0x0000046c   Code   RO         3477    i.get_st_biases     inv_mpu.o
    0x080045b0   0x080045b0   0x00000110   Code   RO         3478    i.gyro_self_test    inv_mpu.o
    0x080046c0   0x080046c0   0x00000076   Code   RO         3377    i.i2cRead           iic.o
    0x08004736   0x08004736   0x00000060   Code   RO         3378    i.i2cWrite          iic.o
    0x08004796   0x08004796   0x00000028   Code   RO         3258    i.inv_orientation_matrix_to_scalar  mpu6050.o
    0x080047be   0x080047be   0x0000004e   Code   RO         3259    i.inv_row_2_scale   mpu6050.o
    0x0800480c   0x0800480c   0x000000f0   Code   RO           10    i.main              main.o
    0x080048fc   0x080048fc   0x00000070   Code   RO         3479    i.mpu_configure_fifo  inv_mpu.o
    0x0800496c   0x0800496c   0x0000004c   Code   RO         3480    i.mpu_get_accel_fsr  inv_mpu.o
    0x080049b8   0x080049b8   0x00000054   Code   RO         3482    i.mpu_get_accel_sens  inv_mpu.o
    0x08004a0c   0x08004a0c   0x00000010   Code   RO         3487    i.mpu_get_fifo_config  inv_mpu.o
    0x08004a1c   0x08004a1c   0x00000044   Code   RO         3488    i.mpu_get_gyro_fsr  inv_mpu.o
    0x08004a60   0x08004a60   0x00000050   Code   RO         3490    i.mpu_get_gyro_sens  inv_mpu.o
    0x08004ab0   0x08004ab0   0x00000050   Code   RO         3492    i.mpu_get_lpf       inv_mpu.o
    0x08004b00   0x08004b00   0x00000020   Code   RO         3494    i.mpu_get_sample_rate  inv_mpu.o
    0x08004b20   0x08004b20   0x000001f0   Code   RO         3496    i.mpu_init          inv_mpu.o
    0x08004d10   0x08004d10   0x000000b8   Code   RO         3497    i.mpu_load_firmware  inv_mpu.o
    0x08004dc8   0x08004dc8   0x000000e0   Code   RO         3498    i.mpu_lp_accel_mode  inv_mpu.o
    0x08004ea8   0x08004ea8   0x000000c0   Code   RO         3501    i.mpu_read_fifo_stream  inv_mpu.o
    0x08004f68   0x08004f68   0x00000080   Code   RO         3502    i.mpu_read_mem      inv_mpu.o
    0x08004fe8   0x08004fe8   0x000001bc   Code   RO         3505    i.mpu_reset_fifo    inv_mpu.o
    0x080051a4   0x080051a4   0x0000011c   Code   RO         3506    i.mpu_run_self_test  inv_mpu.o
    0x080052c0   0x080052c0   0x00000084   Code   RO         3508    i.mpu_set_accel_fsr  inv_mpu.o
    0x08005344   0x08005344   0x0000014c   Code   RO         3509    i.mpu_set_bypass    inv_mpu.o
    0x08005490   0x08005490   0x00000090   Code   RO         3511    i.mpu_set_dmp_state  inv_mpu.o
    0x08005520   0x08005520   0x00000088   Code   RO         3512    i.mpu_set_gyro_fsr  inv_mpu.o
    0x080055a8   0x080055a8   0x0000006c   Code   RO         3513    i.mpu_set_int_latched  inv_mpu.o
    0x08005614   0x08005614   0x00000084   Code   RO         3515    i.mpu_set_lpf       inv_mpu.o
    0x08005698   0x08005698   0x0000009c   Code   RO         3516    i.mpu_set_sample_rate  inv_mpu.o
    0x08005734   0x08005734   0x000000d0   Code   RO         3517    i.mpu_set_sensors   inv_mpu.o
    0x08005804   0x08005804   0x00000080   Code   RO         3518    i.mpu_write_mem     inv_mpu.o
    0x08005884   0x08005884   0x00000002   Code   RO         3519    i.myget_ms          inv_mpu.o
    0x08005886   0x08005886   0x00000002   PAD
    0x08005888   0x08005888   0x000000bc   Code   RO         3260    i.run_self_test     mpu6050.o
    0x08005944   0x08005944   0x00000090   Code   RO         3520    i.set_int_enable    inv_mpu.o
    0x080059d4   0x080059d4   0x0000004c   Code   RO         4419    i.sqrt              m_ws.l(sqrt.o)
    0x08005a20   0x08005a20   0x000000a0   Code   RO         4199    i.uart_init         usart.o
    0x08005ac0   0x08005ac0   0x0000002c   Code   RO         4491    locale$$code        c_w.l(lc_numeric_c.o)
    0x08005aec   0x08005aec   0x00000062   Code   RO         4286    x$fpl$d2f           fz_ws.l(d2f.o)
    0x08005b4e   0x08005b4e   0x00000002   PAD
    0x08005b50   0x08005b50   0x00000150   Code   RO         4288    x$fpl$dadd          fz_ws.l(daddsub_clz.o)
    0x08005ca0   0x08005ca0   0x00000010   Code   RO         4495    x$fpl$dcheck1       fz_ws.l(dcheck1.o)
    0x08005cb0   0x08005cb0   0x00000018   Code   RO         4497    x$fpl$dcmpinf       fz_ws.l(dcmpi.o)
    0x08005cc8   0x08005cc8   0x000002b0   Code   RO         4371    x$fpl$ddiv          fz_ws.l(ddiv.o)
    0x08005f78   0x08005f78   0x00000078   Code   RO         4374    x$fpl$deqf          fz_ws.l(deqf.o)
    0x08005ff0   0x08005ff0   0x00000154   Code   RO         4294    x$fpl$dmul          fz_ws.l(dmul.o)
    0x08006144   0x08006144   0x0000009c   Code   RO         4376    x$fpl$dnaninf       fz_ws.l(dnaninf.o)
    0x080061e0   0x080061e0   0x0000000c   Code   RO         4378    x$fpl$dretinf       fz_ws.l(dretinf.o)
    0x080061ec   0x080061ec   0x00000016   Code   RO         4289    x$fpl$drsb          fz_ws.l(daddsub_clz.o)
    0x08006202   0x08006202   0x00000002   PAD
    0x08006204   0x08006204   0x000001cc   Code   RO         4501    x$fpl$dsqrt         fz_ws.l(dsqrt_noumaal.o)
    0x080063d0   0x080063d0   0x000001d4   Code   RO         4290    x$fpl$dsub          fz_ws.l(daddsub_clz.o)
    0x080065a4   0x080065a4   0x00000056   Code   RO         4296    x$fpl$f2d           fz_ws.l(f2d.o)
    0x080065fa   0x080065fa   0x00000002   PAD
    0x080065fc   0x080065fc   0x000000c4   Code   RO         4298    x$fpl$fadd          fz_ws.l(faddsub_clz.o)
    0x080066c0   0x080066c0   0x00000018   Code   RO         4380    x$fpl$fcmpinf       fz_ws.l(fcmpi.o)
    0x080066d8   0x080066d8   0x00000184   Code   RO         4305    x$fpl$fdiv          fz_ws.l(fdiv.o)
    0x0800685c   0x0800685c   0x00000068   Code   RO         4308    x$fpl$feqf          fz_ws.l(feqf.o)
    0x080068c4   0x080068c4   0x00000036   Code   RO         4310    x$fpl$ffix          fz_ws.l(ffix.o)
    0x080068fa   0x080068fa   0x00000002   PAD
    0x080068fc   0x080068fc   0x0000003e   Code   RO         4314    x$fpl$ffixu         fz_ws.l(ffixu.o)
    0x0800693a   0x0800693a   0x00000002   PAD
    0x0800693c   0x0800693c   0x00000030   Code   RO         4319    x$fpl$fflt          fz_ws.l(fflt_clz.o)
    0x0800696c   0x0800696c   0x00000026   Code   RO         4318    x$fpl$ffltu         fz_ws.l(fflt_clz.o)
    0x08006992   0x08006992   0x00000002   PAD
    0x08006994   0x08006994   0x00000068   Code   RO         4324    x$fpl$fleqf         fz_ws.l(fleqf.o)
    0x080069fc   0x080069fc   0x00000102   Code   RO         4326    x$fpl$fmul          fz_ws.l(fmul.o)
    0x08006afe   0x08006afe   0x0000008c   Code   RO         4382    x$fpl$fnaninf       fz_ws.l(fnaninf.o)
    0x08006b8a   0x08006b8a   0x0000000a   Code   RO         4384    x$fpl$fretinf       fz_ws.l(fretinf.o)
    0x08006b94   0x08006b94   0x00000062   Code   RO         4328    x$fpl$frleqf        fz_ws.l(frleqf.o)
    0x08006bf6   0x08006bf6   0x00000002   PAD
    0x08006bf8   0x08006bf8   0x000000ea   Code   RO         4300    x$fpl$fsub          fz_ws.l(faddsub_clz.o)
    0x08006ce2   0x08006ce2   0x00000004   Code   RO         4330    x$fpl$printf1       fz_ws.l(printf1.o)
    0x08006ce6   0x08006ce6   0x00000064   Code   RO         4567    x$fpl$retnan        fz_ws.l(retnan.o)
    0x08006d4a   0x08006d4a   0x0000005c   Code   RO         4386    x$fpl$scalbn        fz_ws.l(scalbn.o)
    0x08006da6   0x08006da6   0x00000030   Code   RO         4579    x$fpl$trapveneer    fz_ws.l(trapv.o)
    0x08006dd6   0x08006dd6   0x00000000   Code   RO         4388    x$fpl$usenofp       fz_ws.l(usenofp.o)
    0x08006dd6   0x08006dd6   0x00000002   PAD
    0x08006dd8   0x08006dd8   0x00000050   Data   RO         3521    .constdata          inv_mpu.o
    0x08006e28   0x08006e28   0x00000bf6   Data   RO         3793    .constdata          inv_mpu_dmp_motion_driver.o
    0x08007a1e   0x08007a1e   0x000019e0   Data   RO         3974    .constdata          oled.o
    0x080093fe   0x080093fe   0x00000002   PAD
    0x08009400   0x08009400   0x00000050   Data   RO         4334    .constdata          m_ws.l(asin.o)
    0x08009450   0x08009450   0x00000098   Data   RO         4391    .constdata          m_ws.l(atan.o)
    0x080094e8   0x080094e8   0x00000008   Data   RO         4417    .constdata          m_ws.l(qnan.o)
    0x080094f0   0x080094f0   0x00000094   Data   RO         4462    .constdata          c_w.l(bigflt0.o)
    0x08009584   0x08009584   0x0000004e   Data   RO         3522    .conststring        inv_mpu.o
    0x080095d2   0x080095d2   0x00000002   PAD
    0x080095d4   0x080095d4   0x00000020   Data   RO         4652    Region$$Table       anon$$obj.o
    0x080095f4   0x080095f4   0x0000001c   Data   RO         4490    locale$$data        c_w.l(lc_numeric_c.o)


    Execution Region RW_IRAM1 (Exec base: 0x20000000, Load base: 0x08009610, Size: 0x00000c58, Max: 0x00005000, ABSOLUTE)

    Exec Addr    Load Addr    Size         Type   Attr      Idx    E Section Name        Object

    0x20000000   0x08009610   0x0000000c   Data   RW           11    .data               main.o
    0x2000000c   0x0800961c   0x00000014   Data   RW          235    .data               system_stm32f10x.o
    0x20000020   0x08009630   0x00000014   Data   RW          711    .data               stm32f10x_rcc.o
    0x20000034   0x08009644   0x00000030   Data   RW         3262    .data               mpu6050.o
    0x20000064   0x08009674   0x0000002c   Data   RW         3523    .data               inv_mpu.o
    0x20000090   0x080096a0   0x00000004   Data   RW         4145    .data               delay.o
    0x20000094   0x080096a4   0x00000006   Data   RW         4201    .data               usart.o
    0x2000009a   0x080096aa   0x00000002   PAD
    0x2000009c        -       0x00000010   Zero   RW         3792    .bss                inv_mpu_dmp_motion_driver.o
    0x200000ac        -       0x00000480   Zero   RW         3973    .bss                oled.o
    0x2000052c        -       0x000000c8   Zero   RW         4200    .bss                usart.o
    0x200005f4        -       0x00000060   Zero   RW         4506    .bss                c_w.l(libspace.o)
    0x20000654   0x080096aa   0x00000004   PAD
    0x20000658        -       0x00000200   Zero   RW            2    HEAP                startup_stm32f10x_md.o
    0x20000858        -       0x00000400   Zero   RW            1    STACK               startup_stm32f10x_md.o


==============================================================================

Image component sizes


      Code (inc. data)   RO Data    RW Data    ZI Data      Debug   Object Name

       220         26          0          4          0       1683   delay.o
      1280        104          0          0          0      10911   iic.o
      5874        278        158         44          0      26990   inv_mpu.o
      3096        122       3062          0         16      20446   inv_mpu_dmp_motion_driver.o
       240         56          0         12          0     252300   main.o
       152         12          0          0          0       1554   misc.o
      1592        406          0         48          0      23401   mpu6050.o
      1142         58       6624          0       1152       8439   oled.o
        64         26        236          0       1536        852   startup_stm32f10x_md.o
       286          0          0          0          0       3044   stm32f10x_gpio.o
        26          0          0          0          0       3694   stm32f10x_it.o
       276         32          0         20          0       4446   stm32f10x_rcc.o
       246         42          0          0          0       3574   stm32f10x_tim.o
       408          6          0          0          0       5014   stm32f10x_usart.o
       328         28          0         20          0       2181   system_stm32f10x.o
       248         66          0          0          0       1147   time.o
       330         26          0          6        200       4124   usart.o

    ----------------------------------------------------------------------
     15824       1288      10116        156       2904     373800   Object Totals
         0          0         32          0          0          0   (incl. Generated)
        16          0          4          2          0          0   (incl. Padding)

    ----------------------------------------------------------------------

      Code (inc. data)   RO Data    RW Data    ZI Data      Debug   Library Member Name

         8          0          0          0          0         68   __main.o
       284          0          0          0          0        156   __printf_wp.o
         0          0          0          0          0          0   __rtentry.o
        12          0          0          0          0          0   __rtentry2.o
         6          0          0          0          0          0   __rtentry4.o
        52          8          0          0          0          0   __scatter.o
        26          0          0          0          0          0   __scatter_copy.o
        28          0          0          0          0          0   __scatter_zi.o
        48          6          0          0          0         96   _printf_char_common.o
        36          4          0          0          0         80   _printf_char_file.o
         6          0          0          0          0          0   _printf_d.o
       120         16          0          0          0         92   _printf_dec.o
         6          0          0          0          0          0   _printf_f.o
      1054          0          0          0          0        216   _printf_fp_dec.o
       128         16          0          0          0         84   _printf_fp_infnan.o
       178          0          0          0          0         88   _printf_intcommon.o
         0          0          0          0          0          0   _printf_percent.o
         4          0          0          0          0          0   _printf_percent_end.o
        22          0          0          0          0        100   _rserrno.o
        10          0          0          0          0         68   _sputc.o
        16          0          0          0          0         68   aeabi_memset.o
       228          4        148          0          0         96   bigflt0.o
      1936        128          0          0          0        672   btod.o
        18          0          0          0          0         80   exit.o
         8          0          0          0          0         68   ferror.o
         6          0          0          0          0        152   heapauxi.o
        44         10         28          0          0         76   lc_numeric_c.o
         2          0          0          0          0          0   libinit.o
        18          0          0          0          0          0   libinit2.o
         2          0          0          0          0          0   libshutdown.o
         2          0          0          0          0          0   libshutdown2.o
         8          4          0          0         96         68   libspace.o
        72          0          0          0          0         76   llsdiv.o
       138          0          0          0          0         80   lludiv10.o
       238          0          0          0          0        100   lludivv7m.o
        88          0          0          0          0         76   memcmp.o
        24          4          0          0          0         84   noretval__2printf.o
        40          6          0          0          0         84   noretval__2sprintf.o
         8          4          0          0          0         68   rt_errno_addr_intlibspace.o
         8          4          0          0          0         68   rt_locale_intlibspace.o
        68          0          0          0          0         68   rt_memclr.o
        78          0          0          0          0         80   rt_memclr_w.o
         2          0          0          0          0          0   rtexit.o
        10          0          0          0          0          0   rtexit2.o
       128          0          0          0          0         68   strcmpv7m.o
        74          0          0          0          0         80   sys_stackheap_outer.o
         2          0          0          0          0         68   use_no_semi.o
         2          0          0          0          0         68   use_no_semi_2.o
        98          4          0          0          0         92   d2f.o
       826         16          0          0          0        348   daddsub_clz.o
        16          4          0          0          0         68   dcheck1.o
        24          0          0          0          0         68   dcmpi.o
       688        140          0          0          0        208   ddiv.o
       120          4          0          0          0         92   deqf.o
       340         12          0          0          0        104   dmul.o
       156          4          0          0          0         92   dnaninf.o
        12          0          0          0          0         68   dretinf.o
       460         56          0          0          0        120   dsqrt_noumaal.o
        86          4          0          0          0         84   f2d.o
       430          8          0          0          0        168   faddsub_clz.o
        24          0          0          0          0         68   fcmpi.o
       388         76          0          0          0         96   fdiv.o
       104          4          0          0          0         84   feqf.o
        54          4          0          0          0         84   ffix.o
        62          4          0          0          0         84   ffixu.o
        86          0          0          0          0        136   fflt_clz.o
       104          4          0          0          0         84   fleqf.o
       258          4          0          0          0         84   fmul.o
       140          4          0          0          0         84   fnaninf.o
        10          0          0          0          0         68   fretinf.o
        98          0          0          0          0         68   frleqf.o
         4          0          0          0          0         68   printf1.o
       100          0          0          0          0         68   retnan.o
        92          0          0          0          0         68   scalbn.o
        48          0          0          0          0         68   trapv.o
         0          0          0          0          0          0   usenofp.o
       624         52         80          0          0        168   asin.o
       544         70        152          0          0        124   atan.o
       412         38          0          0          0        144   atan2.o
        38          6          0          0          0        272   dunder.o
        40          0          0          0          0         68   fpclassify.o
       170          0          0          0          0         96   poly.o
         0          0          8          0          0          0   qnan.o
        76          0          0          0          0         84   sqrt.o

    ----------------------------------------------------------------------
     12060        732        416          0        100       7076   Library Totals
        32          0          0          0          4          0   (incl. Padding)

    ----------------------------------------------------------------------

      Code (inc. data)   RO Data    RW Data    ZI Data      Debug   Library Name

      5296        214        176          0         96       3396   c_w.l
      4828        352          0          0          0       2724   fz_ws.l
      1904        166        240          0          0        956   m_ws.l

    ----------------------------------------------------------------------
     12060        732        416          0        100       7076   Library Totals

    ----------------------------------------------------------------------

==============================================================================


      Code (inc. data)   RO Data    RW Data    ZI Data      Debug   

     27884       2020      10532        156       3004     370316   Grand Totals
     27884       2020      10532        156       3004     370316   ELF Image Totals
     27884       2020      10532        156          0          0   ROM Totals

==============================================================================

    Total RO  Size (Code + RO Data)                38416 (  37.52kB)
    Total RW  Size (RW Data + ZI Data)              3160 (   3.09kB)
    Total ROM Size (Code + RO Data + RW Data)      38572 (  37.67kB)

==============================================================================

